ERROR - 2026-09-17 21:38:30 --> Error connecting to the database: mysqli_sql_exception: No se puede establecer una conexión ya que el equipo de destino denegó expresamente dicha conexión in C:\xampp\htdocs\biblioteca-local-app\project-root\vendor\codeigniter4\framework\system\Database\MySQLi\Connection.php:201
Stack trace:
#0 C:\xampp\htdocs\biblioteca-local-app\project-root\vendor\codeigniter4\framework\system\Database\MySQLi\Connection.php(201): mysqli->real_connect('localhost', 'root', Object(SensitiveParameterValue), 'biblioteca_virt...', 3306, '', 0)
#1 C:\xampp\htdocs\biblioteca-local-app\project-root\vendor\codeigniter4\framework\system\Database\BaseConnection.php(555): CodeIgniter\Database\MySQLi\Connection->connect(false)
#2 C:\xampp\htdocs\biblioteca-local-app\project-root\vendor\codeigniter4\framework\system\Database\BaseConnection.php(795): CodeIgniter\Database\BaseConnection->initialize()
#3 C:\xampp\htdocs\biblioteca-local-app\project-root\vendor\codeigniter4\framework\system\Database\BaseBuilder.php(1659): CodeIgniter\Database\BaseConnection->query('SELECT *\nFROM `...', Array, false)
#4 C:\xampp\htdocs\biblioteca-local-app\project-root\vendor\codeigniter4\framework\system\Model.php(297): CodeIgniter\Database\BaseBuilder->get()
#5 C:\xampp\htdocs\biblioteca-local-app\project-root\vendor\codeigniter4\framework\system\BaseModel.php(714): CodeIgniter\Model->doFirst()
#6 C:\xampp\htdocs\biblioteca-local-app\project-root\app\Controllers\Publico\SocioPortalController.php(41): CodeIgniter\BaseModel->first()
#7 C:\xampp\htdocs\biblioteca-local-app\project-root\vendor\codeigniter4\framework\system\CodeIgniter.php(974): App\Controllers\Publico\SocioPortalController->autenticar()
#8 C:\xampp\htdocs\biblioteca-local-app\project-root\vendor\codeigniter4\framework\system\CodeIgniter.php(520): CodeIgniter\CodeIgniter->runController(Object(App\Controllers\Publico\SocioPortalController))
#9 C:\xampp\htdocs\biblioteca-local-app\project-root\vendor\codeigniter4\framework\system\CodeIgniter.php(363): CodeIgniter\CodeIgniter->handleRequest(NULL, Object(Config\Cache), false)
#10 C:\xampp\htdocs\biblioteca-local-app\project-root\vendor\codeigniter4\framework\system\Boot.php(417): CodeIgniter\CodeIgniter->run()
#11 C:\xampp\htdocs\biblioteca-local-app\project-root\vendor\codeigniter4\framework\system\Boot.php(68): CodeIgniter\Boot::runCodeIgniter(Object(CodeIgniter\CodeIgniter))
#12 C:\xampp\htdocs\biblioteca-local-app\project-root\public\index.php(59): CodeIgniter\Boot::bootWeb(Object(Config\Paths))
#13 C:\xampp\htdocs\biblioteca-local-app\project-root\vendor\codeigniter4\framework\system\rewrite.php(44): require_once('C:\\xampp\\htdocs...')
#14 {main}

Next CodeIgniter\Database\Exceptions\DatabaseException: No se puede establecer una conexión ya que el equipo de destino denegó expresamente dicha conexión in C:\xampp\htdocs\biblioteca-local-app\project-root\vendor\codeigniter4\framework\system\Database\MySQLi\Connection.php:231
Stack trace:
#0 C:\xampp\htdocs\biblioteca-local-app\project-root\vendor\codeigniter4\framework\system\Database\BaseConnection.php(555): CodeIgniter\Database\MySQLi\Connection->connect(false)
#1 C:\xampp\htdocs\biblioteca-local-app\project-root\vendor\codeigniter4\framework\system\Database\BaseConnection.php(795): CodeIgniter\Database\BaseConnection->initialize()
#2 C:\xampp\htdocs\biblioteca-local-app\project-root\vendor\codeigniter4\framework\system\Database\BaseBuilder.php(1659): CodeIgniter\Database\BaseConnection->query('SELECT *\nFROM `...', Array, false)
#3 C:\xampp\htdocs\biblioteca-local-app\project-root\vendor\codeigniter4\framework\system\Model.php(297): CodeIgniter\Database\BaseBuilder->get()
#4 C:\xampp\htdocs\biblioteca-local-app\project-root\vendor\codeigniter4\framework\system\BaseModel.php(714): CodeIgniter\Model->doFirst()
#5 C:\xampp\htdocs\biblioteca-local-app\project-root\app\Controllers\Publico\SocioPortalController.php(41): CodeIgniter\BaseModel->first()
#6 C:\xampp\htdocs\biblioteca-local-app\project-root\vendor\codeigniter4\framework\system\CodeIgniter.php(974): App\Controllers\Publico\SocioPortalController->autenticar()
#7 C:\xampp\htdocs\biblioteca-local-app\project-root\vendor\codeigniter4\framework\system\CodeIgniter.php(520): CodeIgniter\CodeIgniter->runController(Object(App\Controllers\Publico\SocioPortalController))
#8 C:\xampp\htdocs\biblioteca-local-app\project-root\vendor\codeigniter4\framework\system\CodeIgniter.php(363): CodeIgniter\CodeIgniter->handleRequest(NULL, Object(Config\Cache), false)
#9 C:\xampp\htdocs\biblioteca-local-app\project-root\vendor\codeigniter4\framework\system\Boot.php(417): CodeIgniter\CodeIgniter->run()
#10 C:\xampp\htdocs\biblioteca-local-app\project-root\vendor\codeigniter4\framework\system\Boot.php(68): CodeIgniter\Boot::runCodeIgniter(Object(CodeIgniter\CodeIgniter))
#11 C:\xampp\htdocs\biblioteca-local-app\project-root\public\index.php(59): CodeIgniter\Boot::bootWeb(Object(Config\Paths))
#12 C:\xampp\htdocs\biblioteca-local-app\project-root\vendor\codeigniter4\framework\system\rewrite.php(44): require_once('C:\\xampp\\htdocs...')
#13 {main}
CRITICAL - 2026-09-17 21:38:30 --> CodeIgniter\Database\Exceptions\DatabaseException: Unable to connect to the database.
Main connection [MySQLi]: No se puede establecer una conexión ya que el equipo de destino denegó expresamente dicha conexión
[Method: POST, Route: socio/login]
in SYSTEMPATH\Database\BaseConnection.php on line 606.
 1 SYSTEMPATH\Database\BaseConnection.php(795): CodeIgniter\Database\BaseConnection->initialize()
 2 SYSTEMPATH\Database\BaseBuilder.php(1659): CodeIgniter\Database\BaseConnection->query('SELECT *
FROM `usuarios`
WHERE `mail` = :mail:
AND `perfil` = :perfil:
AND `estado` = :estado:
 LIMIT 1', [...], false)
 3 SYSTEMPATH\Model.php(297): CodeIgniter\Database\BaseBuilder->get()
 4 SYSTEMPATH\BaseModel.php(714): CodeIgniter\Model->doFirst()
 5 APPPATH\Controllers\Publico\SocioPortalController.php(41): CodeIgniter\BaseModel->first()
 6 SYSTEMPATH\CodeIgniter.php(974): App\Controllers\Publico\SocioPortalController->autenticar()
 7 SYSTEMPATH\CodeIgniter.php(520): CodeIgniter\CodeIgniter->runController(Object(App\Controllers\Publico\SocioPortalController))
 8 SYSTEMPATH\CodeIgniter.php(363): CodeIgniter\CodeIgniter->handleRequest(null, Object(Config\Cache), false)
 9 SYSTEMPATH\Boot.php(417): CodeIgniter\CodeIgniter->run()
10 SYSTEMPATH\Boot.php(68): CodeIgniter\Boot::runCodeIgniter(Object(CodeIgniter\CodeIgniter))
11 FCPATH\index.php(59): CodeIgniter\Boot::bootWeb(Object(Config\Paths))
12 SYSTEMPATH\rewrite.php(44): require_once('C:\\xampp\\htdocs\\biblioteca-local-app\\project-root\\public\\index.php')
ERROR - 2026-09-17 21:38:34 --> Error connecting to the database: mysqli_sql_exception: No se puede establecer una conexión ya que el equipo de destino denegó expresamente dicha conexión in C:\xampp\htdocs\biblioteca-local-app\project-root\vendor\codeigniter4\framework\system\Database\MySQLi\Connection.php:201
Stack trace:
#0 C:\xampp\htdocs\biblioteca-local-app\project-root\vendor\codeigniter4\framework\system\Database\MySQLi\Connection.php(201): mysqli->real_connect('localhost', 'root', Object(SensitiveParameterValue), 'biblioteca_virt...', 3306, '', 0)
#1 C:\xampp\htdocs\biblioteca-local-app\project-root\vendor\codeigniter4\framework\system\Database\BaseConnection.php(555): CodeIgniter\Database\MySQLi\Connection->connect(false)
#2 C:\xampp\htdocs\biblioteca-local-app\project-root\vendor\codeigniter4\framework\system\Database\BaseConnection.php(795): CodeIgniter\Database\BaseConnection->initialize()
#3 C:\xampp\htdocs\biblioteca-local-app\project-root\vendor\codeigniter4\framework\system\Database\BaseBuilder.php(1659): CodeIgniter\Database\BaseConnection->query('SELECT *\nFROM `...', Array, false)
#4 C:\xampp\htdocs\biblioteca-local-app\project-root\vendor\codeigniter4\framework\system\Model.php(297): CodeIgniter\Database\BaseBuilder->get()
#5 C:\xampp\htdocs\biblioteca-local-app\project-root\vendor\codeigniter4\framework\system\BaseModel.php(714): CodeIgniter\Model->doFirst()
#6 C:\xampp\htdocs\biblioteca-local-app\project-root\app\Controllers\Publico\SocioPortalController.php(41): CodeIgniter\BaseModel->first()
#7 C:\xampp\htdocs\biblioteca-local-app\project-root\vendor\codeigniter4\framework\system\CodeIgniter.php(974): App\Controllers\Publico\SocioPortalController->autenticar()
#8 C:\xampp\htdocs\biblioteca-local-app\project-root\vendor\codeigniter4\framework\system\CodeIgniter.php(520): CodeIgniter\CodeIgniter->runController(Object(App\Controllers\Publico\SocioPortalController))
#9 C:\xampp\htdocs\biblioteca-local-app\project-root\vendor\codeigniter4\framework\system\CodeIgniter.php(363): CodeIgniter\CodeIgniter->handleRequest(NULL, Object(Config\Cache), false)
#10 C:\xampp\htdocs\biblioteca-local-app\project-root\vendor\codeigniter4\framework\system\Boot.php(417): CodeIgniter\CodeIgniter->run()
#11 C:\xampp\htdocs\biblioteca-local-app\project-root\vendor\codeigniter4\framework\system\Boot.php(68): CodeIgniter\Boot::runCodeIgniter(Object(CodeIgniter\CodeIgniter))
#12 C:\xampp\htdocs\biblioteca-local-app\project-root\public\index.php(59): CodeIgniter\Boot::bootWeb(Object(Config\Paths))
#13 C:\xampp\htdocs\biblioteca-local-app\project-root\vendor\codeigniter4\framework\system\rewrite.php(44): require_once('C:\\xampp\\htdocs...')
#14 {main}

Next CodeIgniter\Database\Exceptions\DatabaseException: No se puede establecer una conexión ya que el equipo de destino denegó expresamente dicha conexión in C:\xampp\htdocs\biblioteca-local-app\project-root\vendor\codeigniter4\framework\system\Database\MySQLi\Connection.php:231
Stack trace:
#0 C:\xampp\htdocs\biblioteca-local-app\project-root\vendor\codeigniter4\framework\system\Database\BaseConnection.php(555): CodeIgniter\Database\MySQLi\Connection->connect(false)
#1 C:\xampp\htdocs\biblioteca-local-app\project-root\vendor\codeigniter4\framework\system\Database\BaseConnection.php(795): CodeIgniter\Database\BaseConnection->initialize()
#2 C:\xampp\htdocs\biblioteca-local-app\project-root\vendor\codeigniter4\framework\system\Database\BaseBuilder.php(1659): CodeIgniter\Database\BaseConnection->query('SELECT *\nFROM `...', Array, false)
#3 C:\xampp\htdocs\biblioteca-local-app\project-root\vendor\codeigniter4\framework\system\Model.php(297): CodeIgniter\Database\BaseBuilder->get()
#4 C:\xampp\htdocs\biblioteca-local-app\project-root\vendor\codeigniter4\framework\system\BaseModel.php(714): CodeIgniter\Model->doFirst()
#5 C:\xampp\htdocs\biblioteca-local-app\project-root\app\Controllers\Publico\SocioPortalController.php(41): CodeIgniter\BaseModel->first()
#6 C:\xampp\htdocs\biblioteca-local-app\project-root\vendor\codeigniter4\framework\system\CodeIgniter.php(974): App\Controllers\Publico\SocioPortalController->autenticar()
#7 C:\xampp\htdocs\biblioteca-local-app\project-root\vendor\codeigniter4\framework\system\CodeIgniter.php(520): CodeIgniter\CodeIgniter->runController(Object(App\Controllers\Publico\SocioPortalController))
#8 C:\xampp\htdocs\biblioteca-local-app\project-root\vendor\codeigniter4\framework\system\CodeIgniter.php(363): CodeIgniter\CodeIgniter->handleRequest(NULL, Object(Config\Cache), false)
#9 C:\xampp\htdocs\biblioteca-local-app\project-root\vendor\codeigniter4\framework\system\Boot.php(417): CodeIgniter\CodeIgniter->run()
#10 C:\xampp\htdocs\biblioteca-local-app\project-root\vendor\codeigniter4\framework\system\Boot.php(68): CodeIgniter\Boot::runCodeIgniter(Object(CodeIgniter\CodeIgniter))
#11 C:\xampp\htdocs\biblioteca-local-app\project-root\public\index.php(59): CodeIgniter\Boot::bootWeb(Object(Config\Paths))
#12 C:\xampp\htdocs\biblioteca-local-app\project-root\vendor\codeigniter4\framework\system\rewrite.php(44): require_once('C:\\xampp\\htdocs...')
#13 {main}
CRITICAL - 2026-09-17 21:38:34 --> CodeIgniter\Database\Exceptions\DatabaseException: Unable to connect to the database.
Main connection [MySQLi]: No se puede establecer una conexión ya que el equipo de destino denegó expresamente dicha conexión
[Method: POST, Route: socio/login]
in SYSTEMPATH\Database\BaseConnection.php on line 606.
 1 SYSTEMPATH\Database\BaseConnection.php(795): CodeIgniter\Database\BaseConnection->initialize()
 2 SYSTEMPATH\Database\BaseBuilder.php(1659): CodeIgniter\Database\BaseConnection->query('SELECT *
FROM `usuarios`
WHERE `mail` = :mail:
AND `perfil` = :perfil:
AND `estado` = :estado:
 LIMIT 1', [...], false)
 3 SYSTEMPATH\Model.php(297): CodeIgniter\Database\BaseBuilder->get()
 4 SYSTEMPATH\BaseModel.php(714): CodeIgniter\Model->doFirst()
 5 APPPATH\Controllers\Publico\SocioPortalController.php(41): CodeIgniter\BaseModel->first()
 6 SYSTEMPATH\CodeIgniter.php(974): App\Controllers\Publico\SocioPortalController->autenticar()
 7 SYSTEMPATH\CodeIgniter.php(520): CodeIgniter\CodeIgniter->runController(Object(App\Controllers\Publico\SocioPortalController))
 8 SYSTEMPATH\CodeIgniter.php(363): CodeIgniter\CodeIgniter->handleRequest(null, Object(Config\Cache), false)
 9 SYSTEMPATH\Boot.php(417): CodeIgniter\CodeIgniter->run()
10 SYSTEMPATH\Boot.php(68): CodeIgniter\Boot::runCodeIgniter(Object(CodeIgniter\CodeIgniter))
11 FCPATH\index.php(59): CodeIgniter\Boot::bootWeb(Object(Config\Paths))
12 SYSTEMPATH\rewrite.php(44): require_once('C:\\xampp\\htdocs\\biblioteca-local-app\\project-root\\public\\index.php')
ERROR - 2026-09-17 21:38:47 --> Error connecting to the database: mysqli_sql_exception: No se puede establecer una conexión ya que el equipo de destino denegó expresamente dicha conexión in C:\xampp\htdocs\biblioteca-local-app\project-root\vendor\codeigniter4\framework\system\Database\MySQLi\Connection.php:201
Stack trace:
#0 C:\xampp\htdocs\biblioteca-local-app\project-root\vendor\codeigniter4\framework\system\Database\MySQLi\Connection.php(201): mysqli->real_connect('localhost', 'root', Object(SensitiveParameterValue), 'biblioteca_virt...', 3306, '', 0)
#1 C:\xampp\htdocs\biblioteca-local-app\project-root\vendor\codeigniter4\framework\system\Database\BaseConnection.php(555): CodeIgniter\Database\MySQLi\Connection->connect(false)
#2 C:\xampp\htdocs\biblioteca-local-app\project-root\vendor\codeigniter4\framework\system\Database\BaseConnection.php(795): CodeIgniter\Database\BaseConnection->initialize()
#3 C:\xampp\htdocs\biblioteca-local-app\project-root\vendor\codeigniter4\framework\system\Database\BaseBuilder.php(1659): CodeIgniter\Database\BaseConnection->query('SELECT *\nFROM `...', Array, false)
#4 C:\xampp\htdocs\biblioteca-local-app\project-root\vendor\codeigniter4\framework\system\Model.php(297): CodeIgniter\Database\BaseBuilder->get()
#5 C:\xampp\htdocs\biblioteca-local-app\project-root\vendor\codeigniter4\framework\system\BaseModel.php(714): CodeIgniter\Model->doFirst()
#6 C:\xampp\htdocs\biblioteca-local-app\project-root\app\Controllers\Publico\SocioPortalController.php(41): CodeIgniter\BaseModel->first()
#7 C:\xampp\htdocs\biblioteca-local-app\project-root\vendor\codeigniter4\framework\system\CodeIgniter.php(974): App\Controllers\Publico\SocioPortalController->autenticar()
#8 C:\xampp\htdocs\biblioteca-local-app\project-root\vendor\codeigniter4\framework\system\CodeIgniter.php(520): CodeIgniter\CodeIgniter->runController(Object(App\Controllers\Publico\SocioPortalController))
#9 C:\xampp\htdocs\biblioteca-local-app\project-root\vendor\codeigniter4\framework\system\CodeIgniter.php(363): CodeIgniter\CodeIgniter->handleRequest(NULL, Object(Config\Cache), false)
#10 C:\xampp\htdocs\biblioteca-local-app\project-root\vendor\codeigniter4\framework\system\Boot.php(417): CodeIgniter\CodeIgniter->run()
#11 C:\xampp\htdocs\biblioteca-local-app\project-root\vendor\codeigniter4\framework\system\Boot.php(68): CodeIgniter\Boot::runCodeIgniter(Object(CodeIgniter\CodeIgniter))
#12 C:\xampp\htdocs\biblioteca-local-app\project-root\public\index.php(59): CodeIgniter\Boot::bootWeb(Object(Config\Paths))
#13 C:\xampp\htdocs\biblioteca-local-app\project-root\vendor\codeigniter4\framework\system\rewrite.php(44): require_once('C:\\xampp\\htdocs...')
#14 {main}

Next CodeIgniter\Database\Exceptions\DatabaseException: No se puede establecer una conexión ya que el equipo de destino denegó expresamente dicha conexión in C:\xampp\htdocs\biblioteca-local-app\project-root\vendor\codeigniter4\framework\system\Database\MySQLi\Connection.php:231
Stack trace:
#0 C:\xampp\htdocs\biblioteca-local-app\project-root\vendor\codeigniter4\framework\system\Database\BaseConnection.php(555): CodeIgniter\Database\MySQLi\Connection->connect(false)
#1 C:\xampp\htdocs\biblioteca-local-app\project-root\vendor\codeigniter4\framework\system\Database\BaseConnection.php(795): CodeIgniter\Database\BaseConnection->initialize()
#2 C:\xampp\htdocs\biblioteca-local-app\project-root\vendor\codeigniter4\framework\system\Database\BaseBuilder.php(1659): CodeIgniter\Database\BaseConnection->query('SELECT *\nFROM `...', Array, false)
#3 C:\xampp\htdocs\biblioteca-local-app\project-root\vendor\codeigniter4\framework\system\Model.php(297): CodeIgniter\Database\BaseBuilder->get()
#4 C:\xampp\htdocs\biblioteca-local-app\project-root\vendor\codeigniter4\framework\system\BaseModel.php(714): CodeIgniter\Model->doFirst()
#5 C:\xampp\htdocs\biblioteca-local-app\project-root\app\Controllers\Publico\SocioPortalController.php(41): CodeIgniter\BaseModel->first()
#6 C:\xampp\htdocs\biblioteca-local-app\project-root\vendor\codeigniter4\framework\system\CodeIgniter.php(974): App\Controllers\Publico\SocioPortalController->autenticar()
#7 C:\xampp\htdocs\biblioteca-local-app\project-root\vendor\codeigniter4\framework\system\CodeIgniter.php(520): CodeIgniter\CodeIgniter->runController(Object(App\Controllers\Publico\SocioPortalController))
#8 C:\xampp\htdocs\biblioteca-local-app\project-root\vendor\codeigniter4\framework\system\CodeIgniter.php(363): CodeIgniter\CodeIgniter->handleRequest(NULL, Object(Config\Cache), false)
#9 C:\xampp\htdocs\biblioteca-local-app\project-root\vendor\codeigniter4\framework\system\Boot.php(417): CodeIgniter\CodeIgniter->run()
#10 C:\xampp\htdocs\biblioteca-local-app\project-root\vendor\codeigniter4\framework\system\Boot.php(68): CodeIgniter\Boot::runCodeIgniter(Object(CodeIgniter\CodeIgniter))
#11 C:\xampp\htdocs\biblioteca-local-app\project-root\public\index.php(59): CodeIgniter\Boot::bootWeb(Object(Config\Paths))
#12 C:\xampp\htdocs\biblioteca-local-app\project-root\vendor\codeigniter4\framework\system\rewrite.php(44): require_once('C:\\xampp\\htdocs...')
#13 {main}
CRITICAL - 2026-09-17 21:38:47 --> CodeIgniter\Database\Exceptions\DatabaseException: Unable to connect to the database.
Main connection [MySQLi]: No se puede establecer una conexión ya que el equipo de destino denegó expresamente dicha conexión
[Method: POST, Route: socio/login]
in SYSTEMPATH\Database\BaseConnection.php on line 606.
 1 SYSTEMPATH\Database\BaseConnection.php(795): CodeIgniter\Database\BaseConnection->initialize()
 2 SYSTEMPATH\Database\BaseBuilder.php(1659): CodeIgniter\Database\BaseConnection->query('SELECT *
FROM `usuarios`
WHERE `mail` = :mail:
AND `perfil` = :perfil:
AND `estado` = :estado:
 LIMIT 1', [...], false)
 3 SYSTEMPATH\Model.php(297): CodeIgniter\Database\BaseBuilder->get()
 4 SYSTEMPATH\BaseModel.php(714): CodeIgniter\Model->doFirst()
 5 APPPATH\Controllers\Publico\SocioPortalController.php(41): CodeIgniter\BaseModel->first()
 6 SYSTEMPATH\CodeIgniter.php(974): App\Controllers\Publico\SocioPortalController->autenticar()
 7 SYSTEMPATH\CodeIgniter.php(520): CodeIgniter\CodeIgniter->runController(Object(App\Controllers\Publico\SocioPortalController))
 8 SYSTEMPATH\CodeIgniter.php(363): CodeIgniter\CodeIgniter->handleRequest(null, Object(Config\Cache), false)
 9 SYSTEMPATH\Boot.php(417): CodeIgniter\CodeIgniter->run()
10 SYSTEMPATH\Boot.php(68): CodeIgniter\Boot::runCodeIgniter(Object(CodeIgniter\CodeIgniter))
11 FCPATH\index.php(59): CodeIgniter\Boot::bootWeb(Object(Config\Paths))
12 SYSTEMPATH\rewrite.php(44): require_once('C:\\xampp\\htdocs\\biblioteca-local-app\\project-root\\public\\index.php')
ERROR - 2026-09-17 21:39:10 --> Error connecting to the database: mysqli_sql_exception: No se puede establecer una conexión ya que el equipo de destino denegó expresamente dicha conexión in C:\xampp\htdocs\biblioteca-local-app\project-root\vendor\codeigniter4\framework\system\Database\MySQLi\Connection.php:201
Stack trace:
#0 C:\xampp\htdocs\biblioteca-local-app\project-root\vendor\codeigniter4\framework\system\Database\MySQLi\Connection.php(201): mysqli->real_connect('localhost', 'root', Object(SensitiveParameterValue), 'biblioteca_virt...', 3306, '', 0)
#1 C:\xampp\htdocs\biblioteca-local-app\project-root\vendor\codeigniter4\framework\system\Database\BaseConnection.php(555): CodeIgniter\Database\MySQLi\Connection->connect(false)
#2 C:\xampp\htdocs\biblioteca-local-app\project-root\vendor\codeigniter4\framework\system\Database\BaseConnection.php(795): CodeIgniter\Database\BaseConnection->initialize()
#3 C:\xampp\htdocs\biblioteca-local-app\project-root\vendor\codeigniter4\framework\system\Database\BaseBuilder.php(1659): CodeIgniter\Database\BaseConnection->query('SELECT *\nFROM `...', Array, false)
#4 C:\xampp\htdocs\biblioteca-local-app\project-root\vendor\codeigniter4\framework\system\Model.php(297): CodeIgniter\Database\BaseBuilder->get()
#5 C:\xampp\htdocs\biblioteca-local-app\project-root\vendor\codeigniter4\framework\system\BaseModel.php(714): CodeIgniter\Model->doFirst()
#6 C:\xampp\htdocs\biblioteca-local-app\project-root\app\Controllers\Publico\SocioPortalController.php(41): CodeIgniter\BaseModel->first()
#7 C:\xampp\htdocs\biblioteca-local-app\project-root\vendor\codeigniter4\framework\system\CodeIgniter.php(974): App\Controllers\Publico\SocioPortalController->autenticar()
#8 C:\xampp\htdocs\biblioteca-local-app\project-root\vendor\codeigniter4\framework\system\CodeIgniter.php(520): CodeIgniter\CodeIgniter->runController(Object(App\Controllers\Publico\SocioPortalController))
#9 C:\xampp\htdocs\biblioteca-local-app\project-root\vendor\codeigniter4\framework\system\CodeIgniter.php(363): CodeIgniter\CodeIgniter->handleRequest(NULL, Object(Config\Cache), false)
#10 C:\xampp\htdocs\biblioteca-local-app\project-root\vendor\codeigniter4\framework\system\Boot.php(417): CodeIgniter\CodeIgniter->run()
#11 C:\xampp\htdocs\biblioteca-local-app\project-root\vendor\codeigniter4\framework\system\Boot.php(68): CodeIgniter\Boot::runCodeIgniter(Object(CodeIgniter\CodeIgniter))
#12 C:\xampp\htdocs\biblioteca-local-app\project-root\public\index.php(59): CodeIgniter\Boot::bootWeb(Object(Config\Paths))
#13 C:\xampp\htdocs\biblioteca-local-app\project-root\vendor\codeigniter4\framework\system\rewrite.php(44): require_once('C:\\xampp\\htdocs...')
#14 {main}

Next CodeIgniter\Database\Exceptions\DatabaseException: No se puede establecer una conexión ya que el equipo de destino denegó expresamente dicha conexión in C:\xampp\htdocs\biblioteca-local-app\project-root\vendor\codeigniter4\framework\system\Database\MySQLi\Connection.php:231
Stack trace:
#0 C:\xampp\htdocs\biblioteca-local-app\project-root\vendor\codeigniter4\framework\system\Database\BaseConnection.php(555): CodeIgniter\Database\MySQLi\Connection->connect(false)
#1 C:\xampp\htdocs\biblioteca-local-app\project-root\vendor\codeigniter4\framework\system\Database\BaseConnection.php(795): CodeIgniter\Database\BaseConnection->initialize()
#2 C:\xampp\htdocs\biblioteca-local-app\project-root\vendor\codeigniter4\framework\system\Database\BaseBuilder.php(1659): CodeIgniter\Database\BaseConnection->query('SELECT *\nFROM `...', Array, false)
#3 C:\xampp\htdocs\biblioteca-local-app\project-root\vendor\codeigniter4\framework\system\Model.php(297): CodeIgniter\Database\BaseBuilder->get()
#4 C:\xampp\htdocs\biblioteca-local-app\project-root\vendor\codeigniter4\framework\system\BaseModel.php(714): CodeIgniter\Model->doFirst()
#5 C:\xampp\htdocs\biblioteca-local-app\project-root\app\Controllers\Publico\SocioPortalController.php(41): CodeIgniter\BaseModel->first()
#6 C:\xampp\htdocs\biblioteca-local-app\project-root\vendor\codeigniter4\framework\system\CodeIgniter.php(974): App\Controllers\Publico\SocioPortalController->autenticar()
#7 C:\xampp\htdocs\biblioteca-local-app\project-root\vendor\codeigniter4\framework\system\CodeIgniter.php(520): CodeIgniter\CodeIgniter->runController(Object(App\Controllers\Publico\SocioPortalController))
#8 C:\xampp\htdocs\biblioteca-local-app\project-root\vendor\codeigniter4\framework\system\CodeIgniter.php(363): CodeIgniter\CodeIgniter->handleRequest(NULL, Object(Config\Cache), false)
#9 C:\xampp\htdocs\biblioteca-local-app\project-root\vendor\codeigniter4\framework\system\Boot.php(417): CodeIgniter\CodeIgniter->run()
#10 C:\xampp\htdocs\biblioteca-local-app\project-root\vendor\codeigniter4\framework\system\Boot.php(68): CodeIgniter\Boot::runCodeIgniter(Object(CodeIgniter\CodeIgniter))
#11 C:\xampp\htdocs\biblioteca-local-app\project-root\public\index.php(59): CodeIgniter\Boot::bootWeb(Object(Config\Paths))
#12 C:\xampp\htdocs\biblioteca-local-app\project-root\vendor\codeigniter4\framework\system\rewrite.php(44): require_once('C:\\xampp\\htdocs...')
#13 {main}
CRITICAL - 2026-09-17 21:39:10 --> CodeIgniter\Database\Exceptions\DatabaseException: Unable to connect to the database.
Main connection [MySQLi]: No se puede establecer una conexión ya que el equipo de destino denegó expresamente dicha conexión
[Method: POST, Route: socio/login]
in SYSTEMPATH\Database\BaseConnection.php on line 606.
 1 SYSTEMPATH\Database\BaseConnection.php(795): CodeIgniter\Database\BaseConnection->initialize()
 2 SYSTEMPATH\Database\BaseBuilder.php(1659): CodeIgniter\Database\BaseConnection->query('SELECT *
FROM `usuarios`
WHERE `mail` = :mail:
AND `perfil` = :perfil:
AND `estado` = :estado:
 LIMIT 1', [...], false)
 3 SYSTEMPATH\Model.php(297): CodeIgniter\Database\BaseBuilder->get()
 4 SYSTEMPATH\BaseModel.php(714): CodeIgniter\Model->doFirst()
 5 APPPATH\Controllers\Publico\SocioPortalController.php(41): CodeIgniter\BaseModel->first()
 6 SYSTEMPATH\CodeIgniter.php(974): App\Controllers\Publico\SocioPortalController->autenticar()
 7 SYSTEMPATH\CodeIgniter.php(520): CodeIgniter\CodeIgniter->runController(Object(App\Controllers\Publico\SocioPortalController))
 8 SYSTEMPATH\CodeIgniter.php(363): CodeIgniter\CodeIgniter->handleRequest(null, Object(Config\Cache), false)
 9 SYSTEMPATH\Boot.php(417): CodeIgniter\CodeIgniter->run()
10 SYSTEMPATH\Boot.php(68): CodeIgniter\Boot::runCodeIgniter(Object(CodeIgniter\CodeIgniter))
11 FCPATH\index.php(59): CodeIgniter\Boot::bootWeb(Object(Config\Paths))
12 SYSTEMPATH\rewrite.php(44): require_once('C:\\xampp\\htdocs\\biblioteca-local-app\\project-root\\public\\index.php')
ERROR - 2026-09-17 21:44:41 --> Error connecting to the database: mysqli_sql_exception: No se puede establecer una conexión ya que el equipo de destino denegó expresamente dicha conexión in C:\xampp\htdocs\biblioteca-local-app\project-root\vendor\codeigniter4\framework\system\Database\MySQLi\Connection.php:201
Stack trace:
#0 C:\xampp\htdocs\biblioteca-local-app\project-root\vendor\codeigniter4\framework\system\Database\MySQLi\Connection.php(201): mysqli->real_connect('localhost', 'root', Object(SensitiveParameterValue), 'biblioteca_virt...', 3306, '', 0)
#1 C:\xampp\htdocs\biblioteca-local-app\project-root\vendor\codeigniter4\framework\system\Database\BaseConnection.php(555): CodeIgniter\Database\MySQLi\Connection->connect(false)
#2 C:\xampp\htdocs\biblioteca-local-app\project-root\vendor\codeigniter4\framework\system\Database\BaseConnection.php(795): CodeIgniter\Database\BaseConnection->initialize()
#3 C:\xampp\htdocs\biblioteca-local-app\project-root\vendor\codeigniter4\framework\system\Database\BaseBuilder.php(1659): CodeIgniter\Database\BaseConnection->query('SELECT *\nFROM `...', Array, false)
#4 C:\xampp\htdocs\biblioteca-local-app\project-root\vendor\codeigniter4\framework\system\Model.php(297): CodeIgniter\Database\BaseBuilder->get()
#5 C:\xampp\htdocs\biblioteca-local-app\project-root\vendor\codeigniter4\framework\system\BaseModel.php(714): CodeIgniter\Model->doFirst()
#6 C:\xampp\htdocs\biblioteca-local-app\project-root\app\Controllers\Publico\SocioPortalController.php(41): CodeIgniter\BaseModel->first()
#7 C:\xampp\htdocs\biblioteca-local-app\project-root\vendor\codeigniter4\framework\system\CodeIgniter.php(974): App\Controllers\Publico\SocioPortalController->autenticar()
#8 C:\xampp\htdocs\biblioteca-local-app\project-root\vendor\codeigniter4\framework\system\CodeIgniter.php(520): CodeIgniter\CodeIgniter->runController(Object(App\Controllers\Publico\SocioPortalController))
#9 C:\xampp\htdocs\biblioteca-local-app\project-root\vendor\codeigniter4\framework\system\CodeIgniter.php(363): CodeIgniter\CodeIgniter->handleRequest(NULL, Object(Config\Cache), false)
#10 C:\xampp\htdocs\biblioteca-local-app\project-root\vendor\codeigniter4\framework\system\Boot.php(417): CodeIgniter\CodeIgniter->run()
#11 C:\xampp\htdocs\biblioteca-local-app\project-root\vendor\codeigniter4\framework\system\Boot.php(68): CodeIgniter\Boot::runCodeIgniter(Object(CodeIgniter\CodeIgniter))
#12 C:\xampp\htdocs\biblioteca-local-app\project-root\public\index.php(59): CodeIgniter\Boot::bootWeb(Object(Config\Paths))
#13 C:\xampp\htdocs\biblioteca-local-app\project-root\vendor\codeigniter4\framework\system\rewrite.php(44): require_once('C:\\xampp\\htdocs...')
#14 {main}

Next CodeIgniter\Database\Exceptions\DatabaseException: No se puede establecer una conexión ya que el equipo de destino denegó expresamente dicha conexión in C:\xampp\htdocs\biblioteca-local-app\project-root\vendor\codeigniter4\framework\system\Database\MySQLi\Connection.php:231
Stack trace:
#0 C:\xampp\htdocs\biblioteca-local-app\project-root\vendor\codeigniter4\framework\system\Database\BaseConnection.php(555): CodeIgniter\Database\MySQLi\Connection->connect(false)
#1 C:\xampp\htdocs\biblioteca-local-app\project-root\vendor\codeigniter4\framework\system\Database\BaseConnection.php(795): CodeIgniter\Database\BaseConnection->initialize()
#2 C:\xampp\htdocs\biblioteca-local-app\project-root\vendor\codeigniter4\framework\system\Database\BaseBuilder.php(1659): CodeIgniter\Database\BaseConnection->query('SELECT *\nFROM `...', Array, false)
#3 C:\xampp\htdocs\biblioteca-local-app\project-root\vendor\codeigniter4\framework\system\Model.php(297): CodeIgniter\Database\BaseBuilder->get()
#4 C:\xampp\htdocs\biblioteca-local-app\project-root\vendor\codeigniter4\framework\system\BaseModel.php(714): CodeIgniter\Model->doFirst()
#5 C:\xampp\htdocs\biblioteca-local-app\project-root\app\Controllers\Publico\SocioPortalController.php(41): CodeIgniter\BaseModel->first()
#6 C:\xampp\htdocs\biblioteca-local-app\project-root\vendor\codeigniter4\framework\system\CodeIgniter.php(974): App\Controllers\Publico\SocioPortalController->autenticar()
#7 C:\xampp\htdocs\biblioteca-local-app\project-root\vendor\codeigniter4\framework\system\CodeIgniter.php(520): CodeIgniter\CodeIgniter->runController(Object(App\Controllers\Publico\SocioPortalController))
#8 C:\xampp\htdocs\biblioteca-local-app\project-root\vendor\codeigniter4\framework\system\CodeIgniter.php(363): CodeIgniter\CodeIgniter->handleRequest(NULL, Object(Config\Cache), false)
#9 C:\xampp\htdocs\biblioteca-local-app\project-root\vendor\codeigniter4\framework\system\Boot.php(417): CodeIgniter\CodeIgniter->run()
#10 C:\xampp\htdocs\biblioteca-local-app\project-root\vendor\codeigniter4\framework\system\Boot.php(68): CodeIgniter\Boot::runCodeIgniter(Object(CodeIgniter\CodeIgniter))
#11 C:\xampp\htdocs\biblioteca-local-app\project-root\public\index.php(59): CodeIgniter\Boot::bootWeb(Object(Config\Paths))
#12 C:\xampp\htdocs\biblioteca-local-app\project-root\vendor\codeigniter4\framework\system\rewrite.php(44): require_once('C:\\xampp\\htdocs...')
#13 {main}
CRITICAL - 2026-09-17 21:44:41 --> CodeIgniter\Database\Exceptions\DatabaseException: Unable to connect to the database.
Main connection [MySQLi]: No se puede establecer una conexión ya que el equipo de destino denegó expresamente dicha conexión
[Method: POST, Route: socio/login]
in SYSTEMPATH\Database\BaseConnection.php on line 606.
 1 SYSTEMPATH\Database\BaseConnection.php(795): CodeIgniter\Database\BaseConnection->initialize()
 2 SYSTEMPATH\Database\BaseBuilder.php(1659): CodeIgniter\Database\BaseConnection->query('SELECT *
FROM `usuarios`
WHERE `mail` = :mail:
AND `perfil` = :perfil:
AND `estado` = :estado:
 LIMIT 1', [...], false)
 3 SYSTEMPATH\Model.php(297): CodeIgniter\Database\BaseBuilder->get()
 4 SYSTEMPATH\BaseModel.php(714): CodeIgniter\Model->doFirst()
 5 APPPATH\Controllers\Publico\SocioPortalController.php(41): CodeIgniter\BaseModel->first()
 6 SYSTEMPATH\CodeIgniter.php(974): App\Controllers\Publico\SocioPortalController->autenticar()
 7 SYSTEMPATH\CodeIgniter.php(520): CodeIgniter\CodeIgniter->runController(Object(App\Controllers\Publico\SocioPortalController))
 8 SYSTEMPATH\CodeIgniter.php(363): CodeIgniter\CodeIgniter->handleRequest(null, Object(Config\Cache), false)
 9 SYSTEMPATH\Boot.php(417): CodeIgniter\CodeIgniter->run()
10 SYSTEMPATH\Boot.php(68): CodeIgniter\Boot::runCodeIgniter(Object(CodeIgniter\CodeIgniter))
11 FCPATH\index.php(59): CodeIgniter\Boot::bootWeb(Object(Config\Paths))
12 SYSTEMPATH\rewrite.php(44): require_once('C:\\xampp\\htdocs\\biblioteca-local-app\\project-root\\public\\index.php')
ERROR - 2026-09-17 21:45:09 --> Error connecting to the database: mysqli_sql_exception: No se puede establecer una conexión ya que el equipo de destino denegó expresamente dicha conexión in C:\xampp\htdocs\biblioteca-local-app\project-root\vendor\codeigniter4\framework\system\Database\MySQLi\Connection.php:201
Stack trace:
#0 C:\xampp\htdocs\biblioteca-local-app\project-root\vendor\codeigniter4\framework\system\Database\MySQLi\Connection.php(201): mysqli->real_connect('localhost', 'root', Object(SensitiveParameterValue), 'biblioteca_virt...', 3306, '', 0)
#1 C:\xampp\htdocs\biblioteca-local-app\project-root\vendor\codeigniter4\framework\system\Database\BaseConnection.php(555): CodeIgniter\Database\MySQLi\Connection->connect(false)
#2 C:\xampp\htdocs\biblioteca-local-app\project-root\vendor\codeigniter4\framework\system\Database\BaseConnection.php(795): CodeIgniter\Database\BaseConnection->initialize()
#3 C:\xampp\htdocs\biblioteca-local-app\project-root\vendor\codeigniter4\framework\system\Database\BaseBuilder.php(1659): CodeIgniter\Database\BaseConnection->query('SELECT *\nFROM `...', Array, false)
#4 C:\xampp\htdocs\biblioteca-local-app\project-root\vendor\codeigniter4\framework\system\Model.php(297): CodeIgniter\Database\BaseBuilder->get()
#5 C:\xampp\htdocs\biblioteca-local-app\project-root\vendor\codeigniter4\framework\system\BaseModel.php(714): CodeIgniter\Model->doFirst()
#6 C:\xampp\htdocs\biblioteca-local-app\project-root\app\Controllers\Publico\SocioPortalController.php(41): CodeIgniter\BaseModel->first()
#7 C:\xampp\htdocs\biblioteca-local-app\project-root\vendor\codeigniter4\framework\system\CodeIgniter.php(974): App\Controllers\Publico\SocioPortalController->autenticar()
#8 C:\xampp\htdocs\biblioteca-local-app\project-root\vendor\codeigniter4\framework\system\CodeIgniter.php(520): CodeIgniter\CodeIgniter->runController(Object(App\Controllers\Publico\SocioPortalController))
#9 C:\xampp\htdocs\biblioteca-local-app\project-root\vendor\codeigniter4\framework\system\CodeIgniter.php(363): CodeIgniter\CodeIgniter->handleRequest(NULL, Object(Config\Cache), false)
#10 C:\xampp\htdocs\biblioteca-local-app\project-root\vendor\codeigniter4\framework\system\Boot.php(417): CodeIgniter\CodeIgniter->run()
#11 C:\xampp\htdocs\biblioteca-local-app\project-root\vendor\codeigniter4\framework\system\Boot.php(68): CodeIgniter\Boot::runCodeIgniter(Object(CodeIgniter\CodeIgniter))
#12 C:\xampp\htdocs\biblioteca-local-app\project-root\public\index.php(59): CodeIgniter\Boot::bootWeb(Object(Config\Paths))
#13 C:\xampp\htdocs\biblioteca-local-app\project-root\vendor\codeigniter4\framework\system\rewrite.php(44): require_once('C:\\xampp\\htdocs...')
#14 {main}

Next CodeIgniter\Database\Exceptions\DatabaseException: No se puede establecer una conexión ya que el equipo de destino denegó expresamente dicha conexión in C:\xampp\htdocs\biblioteca-local-app\project-root\vendor\codeigniter4\framework\system\Database\MySQLi\Connection.php:231
Stack trace:
#0 C:\xampp\htdocs\biblioteca-local-app\project-root\vendor\codeigniter4\framework\system\Database\BaseConnection.php(555): CodeIgniter\Database\MySQLi\Connection->connect(false)
#1 C:\xampp\htdocs\biblioteca-local-app\project-root\vendor\codeigniter4\framework\system\Database\BaseConnection.php(795): CodeIgniter\Database\BaseConnection->initialize()
#2 C:\xampp\htdocs\biblioteca-local-app\project-root\vendor\codeigniter4\framework\system\Database\BaseBuilder.php(1659): CodeIgniter\Database\BaseConnection->query('SELECT *\nFROM `...', Array, false)
#3 C:\xampp\htdocs\biblioteca-local-app\project-root\vendor\codeigniter4\framework\system\Model.php(297): CodeIgniter\Database\BaseBuilder->get()
#4 C:\xampp\htdocs\biblioteca-local-app\project-root\vendor\codeigniter4\framework\system\BaseModel.php(714): CodeIgniter\Model->doFirst()
#5 C:\xampp\htdocs\biblioteca-local-app\project-root\app\Controllers\Publico\SocioPortalController.php(41): CodeIgniter\BaseModel->first()
#6 C:\xampp\htdocs\biblioteca-local-app\project-root\vendor\codeigniter4\framework\system\CodeIgniter.php(974): App\Controllers\Publico\SocioPortalController->autenticar()
#7 C:\xampp\htdocs\biblioteca-local-app\project-root\vendor\codeigniter4\framework\system\CodeIgniter.php(520): CodeIgniter\CodeIgniter->runController(Object(App\Controllers\Publico\SocioPortalController))
#8 C:\xampp\htdocs\biblioteca-local-app\project-root\vendor\codeigniter4\framework\system\CodeIgniter.php(363): CodeIgniter\CodeIgniter->handleRequest(NULL, Object(Config\Cache), false)
#9 C:\xampp\htdocs\biblioteca-local-app\project-root\vendor\codeigniter4\framework\system\Boot.php(417): CodeIgniter\CodeIgniter->run()
#10 C:\xampp\htdocs\biblioteca-local-app\project-root\vendor\codeigniter4\framework\system\Boot.php(68): CodeIgniter\Boot::runCodeIgniter(Object(CodeIgniter\CodeIgniter))
#11 C:\xampp\htdocs\biblioteca-local-app\project-root\public\index.php(59): CodeIgniter\Boot::bootWeb(Object(Config\Paths))
#12 C:\xampp\htdocs\biblioteca-local-app\project-root\vendor\codeigniter4\framework\system\rewrite.php(44): require_once('C:\\xampp\\htdocs...')
#13 {main}
CRITICAL - 2026-09-17 21:45:09 --> CodeIgniter\Database\Exceptions\DatabaseException: Unable to connect to the database.
Main connection [MySQLi]: No se puede establecer una conexión ya que el equipo de destino denegó expresamente dicha conexión
[Method: POST, Route: socio/login]
in SYSTEMPATH\Database\BaseConnection.php on line 606.
 1 SYSTEMPATH\Database\BaseConnection.php(795): CodeIgniter\Database\BaseConnection->initialize()
 2 SYSTEMPATH\Database\BaseBuilder.php(1659): CodeIgniter\Database\BaseConnection->query('SELECT *
FROM `usuarios`
WHERE `mail` = :mail:
AND `perfil` = :perfil:
AND `estado` = :estado:
 LIMIT 1', [...], false)
 3 SYSTEMPATH\Model.php(297): CodeIgniter\Database\BaseBuilder->get()
 4 SYSTEMPATH\BaseModel.php(714): CodeIgniter\Model->doFirst()
 5 APPPATH\Controllers\Publico\SocioPortalController.php(41): CodeIgniter\BaseModel->first()
 6 SYSTEMPATH\CodeIgniter.php(974): App\Controllers\Publico\SocioPortalController->autenticar()
 7 SYSTEMPATH\CodeIgniter.php(520): CodeIgniter\CodeIgniter->runController(Object(App\Controllers\Publico\SocioPortalController))
 8 SYSTEMPATH\CodeIgniter.php(363): CodeIgniter\CodeIgniter->handleRequest(null, Object(Config\Cache), false)
 9 SYSTEMPATH\Boot.php(417): CodeIgniter\CodeIgniter->run()
10 SYSTEMPATH\Boot.php(68): CodeIgniter\Boot::runCodeIgniter(Object(CodeIgniter\CodeIgniter))
11 FCPATH\index.php(59): CodeIgniter\Boot::bootWeb(Object(Config\Paths))
12 SYSTEMPATH\rewrite.php(44): require_once('C:\\xampp\\htdocs\\biblioteca-local-app\\project-root\\public\\index.php')
ERROR - 2026-09-17 21:45:18 --> Error connecting to the database: mysqli_sql_exception: No se puede establecer una conexión ya que el equipo de destino denegó expresamente dicha conexión in C:\xampp\htdocs\biblioteca-local-app\project-root\vendor\codeigniter4\framework\system\Database\MySQLi\Connection.php:201
Stack trace:
#0 C:\xampp\htdocs\biblioteca-local-app\project-root\vendor\codeigniter4\framework\system\Database\MySQLi\Connection.php(201): mysqli->real_connect('localhost', 'root', Object(SensitiveParameterValue), 'biblioteca_virt...', 3306, '', 0)
#1 C:\xampp\htdocs\biblioteca-local-app\project-root\vendor\codeigniter4\framework\system\Database\BaseConnection.php(555): CodeIgniter\Database\MySQLi\Connection->connect(false)
#2 C:\xampp\htdocs\biblioteca-local-app\project-root\vendor\codeigniter4\framework\system\Database\BaseConnection.php(795): CodeIgniter\Database\BaseConnection->initialize()
#3 C:\xampp\htdocs\biblioteca-local-app\project-root\vendor\codeigniter4\framework\system\Database\BaseBuilder.php(1659): CodeIgniter\Database\BaseConnection->query('SELECT *\nFROM `...', Array, false)
#4 C:\xampp\htdocs\biblioteca-local-app\project-root\vendor\codeigniter4\framework\system\Model.php(297): CodeIgniter\Database\BaseBuilder->get()
#5 C:\xampp\htdocs\biblioteca-local-app\project-root\vendor\codeigniter4\framework\system\BaseModel.php(714): CodeIgniter\Model->doFirst()
#6 C:\xampp\htdocs\biblioteca-local-app\project-root\app\Controllers\Publico\SocioPortalController.php(41): CodeIgniter\BaseModel->first()
#7 C:\xampp\htdocs\biblioteca-local-app\project-root\vendor\codeigniter4\framework\system\CodeIgniter.php(974): App\Controllers\Publico\SocioPortalController->autenticar()
#8 C:\xampp\htdocs\biblioteca-local-app\project-root\vendor\codeigniter4\framework\system\CodeIgniter.php(520): CodeIgniter\CodeIgniter->runController(Object(App\Controllers\Publico\SocioPortalController))
#9 C:\xampp\htdocs\biblioteca-local-app\project-root\vendor\codeigniter4\framework\system\CodeIgniter.php(363): CodeIgniter\CodeIgniter->handleRequest(NULL, Object(Config\Cache), false)
#10 C:\xampp\htdocs\biblioteca-local-app\project-root\vendor\codeigniter4\framework\system\Boot.php(417): CodeIgniter\CodeIgniter->run()
#11 C:\xampp\htdocs\biblioteca-local-app\project-root\vendor\codeigniter4\framework\system\Boot.php(68): CodeIgniter\Boot::runCodeIgniter(Object(CodeIgniter\CodeIgniter))
#12 C:\xampp\htdocs\biblioteca-local-app\project-root\public\index.php(59): CodeIgniter\Boot::bootWeb(Object(Config\Paths))
#13 C:\xampp\htdocs\biblioteca-local-app\project-root\vendor\codeigniter4\framework\system\rewrite.php(44): require_once('C:\\xampp\\htdocs...')
#14 {main}

Next CodeIgniter\Database\Exceptions\DatabaseException: No se puede establecer una conexión ya que el equipo de destino denegó expresamente dicha conexión in C:\xampp\htdocs\biblioteca-local-app\project-root\vendor\codeigniter4\framework\system\Database\MySQLi\Connection.php:231
Stack trace:
#0 C:\xampp\htdocs\biblioteca-local-app\project-root\vendor\codeigniter4\framework\system\Database\BaseConnection.php(555): CodeIgniter\Database\MySQLi\Connection->connect(false)
#1 C:\xampp\htdocs\biblioteca-local-app\project-root\vendor\codeigniter4\framework\system\Database\BaseConnection.php(795): CodeIgniter\Database\BaseConnection->initialize()
#2 C:\xampp\htdocs\biblioteca-local-app\project-root\vendor\codeigniter4\framework\system\Database\BaseBuilder.php(1659): CodeIgniter\Database\BaseConnection->query('SELECT *\nFROM `...', Array, false)
#3 C:\xampp\htdocs\biblioteca-local-app\project-root\vendor\codeigniter4\framework\system\Model.php(297): CodeIgniter\Database\BaseBuilder->get()
#4 C:\xampp\htdocs\biblioteca-local-app\project-root\vendor\codeigniter4\framework\system\BaseModel.php(714): CodeIgniter\Model->doFirst()
#5 C:\xampp\htdocs\biblioteca-local-app\project-root\app\Controllers\Publico\SocioPortalController.php(41): CodeIgniter\BaseModel->first()
#6 C:\xampp\htdocs\biblioteca-local-app\project-root\vendor\codeigniter4\framework\system\CodeIgniter.php(974): App\Controllers\Publico\SocioPortalController->autenticar()
#7 C:\xampp\htdocs\biblioteca-local-app\project-root\vendor\codeigniter4\framework\system\CodeIgniter.php(520): CodeIgniter\CodeIgniter->runController(Object(App\Controllers\Publico\SocioPortalController))
#8 C:\xampp\htdocs\biblioteca-local-app\project-root\vendor\codeigniter4\framework\system\CodeIgniter.php(363): CodeIgniter\CodeIgniter->handleRequest(NULL, Object(Config\Cache), false)
#9 C:\xampp\htdocs\biblioteca-local-app\project-root\vendor\codeigniter4\framework\system\Boot.php(417): CodeIgniter\CodeIgniter->run()
#10 C:\xampp\htdocs\biblioteca-local-app\project-root\vendor\codeigniter4\framework\system\Boot.php(68): CodeIgniter\Boot::runCodeIgniter(Object(CodeIgniter\CodeIgniter))
#11 C:\xampp\htdocs\biblioteca-local-app\project-root\public\index.php(59): CodeIgniter\Boot::bootWeb(Object(Config\Paths))
#12 C:\xampp\htdocs\biblioteca-local-app\project-root\vendor\codeigniter4\framework\system\rewrite.php(44): require_once('C:\\xampp\\htdocs...')
#13 {main}
CRITICAL - 2026-09-17 21:45:18 --> CodeIgniter\Database\Exceptions\DatabaseException: Unable to connect to the database.
Main connection [MySQLi]: No se puede establecer una conexión ya que el equipo de destino denegó expresamente dicha conexión
[Method: POST, Route: socio/login]
in SYSTEMPATH\Database\BaseConnection.php on line 606.
 1 SYSTEMPATH\Database\BaseConnection.php(795): CodeIgniter\Database\BaseConnection->initialize()
 2 SYSTEMPATH\Database\BaseBuilder.php(1659): CodeIgniter\Database\BaseConnection->query('SELECT *
FROM `usuarios`
WHERE `mail` = :mail:
AND `perfil` = :perfil:
AND `estado` = :estado:
 LIMIT 1', [...], false)
 3 SYSTEMPATH\Model.php(297): CodeIgniter\Database\BaseBuilder->get()
 4 SYSTEMPATH\BaseModel.php(714): CodeIgniter\Model->doFirst()
 5 APPPATH\Controllers\Publico\SocioPortalController.php(41): CodeIgniter\BaseModel->first()
 6 SYSTEMPATH\CodeIgniter.php(974): App\Controllers\Publico\SocioPortalController->autenticar()
 7 SYSTEMPATH\CodeIgniter.php(520): CodeIgniter\CodeIgniter->runController(Object(App\Controllers\Publico\SocioPortalController))
 8 SYSTEMPATH\CodeIgniter.php(363): CodeIgniter\CodeIgniter->handleRequest(null, Object(Config\Cache), false)
 9 SYSTEMPATH\Boot.php(417): CodeIgniter\CodeIgniter->run()
10 SYSTEMPATH\Boot.php(68): CodeIgniter\Boot::runCodeIgniter(Object(CodeIgniter\CodeIgniter))
11 FCPATH\index.php(59): CodeIgniter\Boot::bootWeb(Object(Config\Paths))
12 SYSTEMPATH\rewrite.php(44): require_once('C:\\xampp\\htdocs\\biblioteca-local-app\\project-root\\public\\index.php')
ERROR - 2026-09-17 21:45:39 --> Error connecting to the database: mysqli_sql_exception: No se puede establecer una conexión ya que el equipo de destino denegó expresamente dicha conexión in C:\xampp\htdocs\biblioteca-local-app\project-root\vendor\codeigniter4\framework\system\Database\MySQLi\Connection.php:201
Stack trace:
#0 C:\xampp\htdocs\biblioteca-local-app\project-root\vendor\codeigniter4\framework\system\Database\MySQLi\Connection.php(201): mysqli->real_connect('localhost', 'root', Object(SensitiveParameterValue), 'biblioteca_virt...', 3306, '', 0)
#1 C:\xampp\htdocs\biblioteca-local-app\project-root\vendor\codeigniter4\framework\system\Database\BaseConnection.php(555): CodeIgniter\Database\MySQLi\Connection->connect(false)
#2 C:\xampp\htdocs\biblioteca-local-app\project-root\vendor\codeigniter4\framework\system\Database\BaseConnection.php(795): CodeIgniter\Database\BaseConnection->initialize()
#3 C:\xampp\htdocs\biblioteca-local-app\project-root\vendor\codeigniter4\framework\system\Database\BaseBuilder.php(1659): CodeIgniter\Database\BaseConnection->query('SELECT *\nFROM `...', Array, false)
#4 C:\xampp\htdocs\biblioteca-local-app\project-root\vendor\codeigniter4\framework\system\Model.php(297): CodeIgniter\Database\BaseBuilder->get()
#5 C:\xampp\htdocs\biblioteca-local-app\project-root\vendor\codeigniter4\framework\system\BaseModel.php(714): CodeIgniter\Model->doFirst()
#6 C:\xampp\htdocs\biblioteca-local-app\project-root\app\Models\UsuarioModel.php(36): CodeIgniter\BaseModel->first()
#7 C:\xampp\htdocs\biblioteca-local-app\project-root\app\Controllers\Admin\AuthController.php(24): App\Models\UsuarioModel->verificarCredenciales('admin@bibliotec...', 'admin123')
#8 C:\xampp\htdocs\biblioteca-local-app\project-root\vendor\codeigniter4\framework\system\CodeIgniter.php(974): App\Controllers\Admin\AuthController->autenticar()
#9 C:\xampp\htdocs\biblioteca-local-app\project-root\vendor\codeigniter4\framework\system\CodeIgniter.php(520): CodeIgniter\CodeIgniter->runController(Object(App\Controllers\Admin\AuthController))
#10 C:\xampp\htdocs\biblioteca-local-app\project-root\vendor\codeigniter4\framework\system\CodeIgniter.php(363): CodeIgniter\CodeIgniter->handleRequest(NULL, Object(Config\Cache), false)
#11 C:\xampp\htdocs\biblioteca-local-app\project-root\vendor\codeigniter4\framework\system\Boot.php(417): CodeIgniter\CodeIgniter->run()
#12 C:\xampp\htdocs\biblioteca-local-app\project-root\vendor\codeigniter4\framework\system\Boot.php(68): CodeIgniter\Boot::runCodeIgniter(Object(CodeIgniter\CodeIgniter))
#13 C:\xampp\htdocs\biblioteca-local-app\project-root\public\index.php(59): CodeIgniter\Boot::bootWeb(Object(Config\Paths))
#14 C:\xampp\htdocs\biblioteca-local-app\project-root\vendor\codeigniter4\framework\system\rewrite.php(44): require_once('C:\\xampp\\htdocs...')
#15 {main}

Next CodeIgniter\Database\Exceptions\DatabaseException: No se puede establecer una conexión ya que el equipo de destino denegó expresamente dicha conexión in C:\xampp\htdocs\biblioteca-local-app\project-root\vendor\codeigniter4\framework\system\Database\MySQLi\Connection.php:231
Stack trace:
#0 C:\xampp\htdocs\biblioteca-local-app\project-root\vendor\codeigniter4\framework\system\Database\BaseConnection.php(555): CodeIgniter\Database\MySQLi\Connection->connect(false)
#1 C:\xampp\htdocs\biblioteca-local-app\project-root\vendor\codeigniter4\framework\system\Database\BaseConnection.php(795): CodeIgniter\Database\BaseConnection->initialize()
#2 C:\xampp\htdocs\biblioteca-local-app\project-root\vendor\codeigniter4\framework\system\Database\BaseBuilder.php(1659): CodeIgniter\Database\BaseConnection->query('SELECT *\nFROM `...', Array, false)
#3 C:\xampp\htdocs\biblioteca-local-app\project-root\vendor\codeigniter4\framework\system\Model.php(297): CodeIgniter\Database\BaseBuilder->get()
#4 C:\xampp\htdocs\biblioteca-local-app\project-root\vendor\codeigniter4\framework\system\BaseModel.php(714): CodeIgniter\Model->doFirst()
#5 C:\xampp\htdocs\biblioteca-local-app\project-root\app\Models\UsuarioModel.php(36): CodeIgniter\BaseModel->first()
#6 C:\xampp\htdocs\biblioteca-local-app\project-root\app\Controllers\Admin\AuthController.php(24): App\Models\UsuarioModel->verificarCredenciales('admin@bibliotec...', 'admin123')
#7 C:\xampp\htdocs\biblioteca-local-app\project-root\vendor\codeigniter4\framework\system\CodeIgniter.php(974): App\Controllers\Admin\AuthController->autenticar()
#8 C:\xampp\htdocs\biblioteca-local-app\project-root\vendor\codeigniter4\framework\system\CodeIgniter.php(520): CodeIgniter\CodeIgniter->runController(Object(App\Controllers\Admin\AuthController))
#9 C:\xampp\htdocs\biblioteca-local-app\project-root\vendor\codeigniter4\framework\system\CodeIgniter.php(363): CodeIgniter\CodeIgniter->handleRequest(NULL, Object(Config\Cache), false)
#10 C:\xampp\htdocs\biblioteca-local-app\project-root\vendor\codeigniter4\framework\system\Boot.php(417): CodeIgniter\CodeIgniter->run()
#11 C:\xampp\htdocs\biblioteca-local-app\project-root\vendor\codeigniter4\framework\system\Boot.php(68): CodeIgniter\Boot::runCodeIgniter(Object(CodeIgniter\CodeIgniter))
#12 C:\xampp\htdocs\biblioteca-local-app\project-root\public\index.php(59): CodeIgniter\Boot::bootWeb(Object(Config\Paths))
#13 C:\xampp\htdocs\biblioteca-local-app\project-root\vendor\codeigniter4\framework\system\rewrite.php(44): require_once('C:\\xampp\\htdocs...')
#14 {main}
CRITICAL - 2026-09-17 21:45:39 --> CodeIgniter\Database\Exceptions\DatabaseException: Unable to connect to the database.
Main connection [MySQLi]: No se puede establecer una conexión ya que el equipo de destino denegó expresamente dicha conexión
[Method: POST, Route: admin/login]
in SYSTEMPATH\Database\BaseConnection.php on line 606.
 1 SYSTEMPATH\Database\BaseConnection.php(795): CodeIgniter\Database\BaseConnection->initialize()
 2 SYSTEMPATH\Database\BaseBuilder.php(1659): CodeIgniter\Database\BaseConnection->query('SELECT *
FROM `usuarios`
WHERE `mail` = :mail:
AND `estado` = :estado:
 LIMIT 1', [...], false)
 3 SYSTEMPATH\Model.php(297): CodeIgniter\Database\BaseBuilder->get()
 4 SYSTEMPATH\BaseModel.php(714): CodeIgniter\Model->doFirst()
 5 APPPATH\Models\UsuarioModel.php(36): CodeIgniter\BaseModel->first()
 6 APPPATH\Controllers\Admin\AuthController.php(24): App\Models\UsuarioModel->verificarCredenciales('admin@biblioteca.local', 'admin123')
 7 SYSTEMPATH\CodeIgniter.php(974): App\Controllers\Admin\AuthController->autenticar()
 8 SYSTEMPATH\CodeIgniter.php(520): CodeIgniter\CodeIgniter->runController(Object(App\Controllers\Admin\AuthController))
 9 SYSTEMPATH\CodeIgniter.php(363): CodeIgniter\CodeIgniter->handleRequest(null, Object(Config\Cache), false)
10 SYSTEMPATH\Boot.php(417): CodeIgniter\CodeIgniter->run()
11 SYSTEMPATH\Boot.php(68): CodeIgniter\Boot::runCodeIgniter(Object(CodeIgniter\CodeIgniter))
12 FCPATH\index.php(59): CodeIgniter\Boot::bootWeb(Object(Config\Paths))
13 SYSTEMPATH\rewrite.php(44): require_once('C:\\xampp\\htdocs\\biblioteca-local-app\\project-root\\public\\index.php')
ERROR - 2026-09-17 21:52:23 --> Error connecting to the database: mysqli_sql_exception: No se puede establecer una conexión ya que el equipo de destino denegó expresamente dicha conexión in C:\xampp\htdocs\biblioteca-local-app\project-root\vendor\codeigniter4\framework\system\Database\MySQLi\Connection.php:201
Stack trace:
#0 C:\xampp\htdocs\biblioteca-local-app\project-root\vendor\codeigniter4\framework\system\Database\MySQLi\Connection.php(201): mysqli->real_connect('localhost', 'root', Object(SensitiveParameterValue), 'biblioteca_virt...', 3306, '', 0)
#1 C:\xampp\htdocs\biblioteca-local-app\project-root\vendor\codeigniter4\framework\system\Database\BaseConnection.php(555): CodeIgniter\Database\MySQLi\Connection->connect(false)
#2 C:\xampp\htdocs\biblioteca-local-app\project-root\vendor\codeigniter4\framework\system\Database\BaseConnection.php(795): CodeIgniter\Database\BaseConnection->initialize()
#3 C:\xampp\htdocs\biblioteca-local-app\project-root\vendor\codeigniter4\framework\system\Database\BaseBuilder.php(1659): CodeIgniter\Database\BaseConnection->query('SELECT *\nFROM `...', Array, false)
#4 C:\xampp\htdocs\biblioteca-local-app\project-root\vendor\codeigniter4\framework\system\Model.php(297): CodeIgniter\Database\BaseBuilder->get()
#5 C:\xampp\htdocs\biblioteca-local-app\project-root\vendor\codeigniter4\framework\system\BaseModel.php(714): CodeIgniter\Model->doFirst()
#6 C:\xampp\htdocs\biblioteca-local-app\project-root\app\Models\UsuarioModel.php(36): CodeIgniter\BaseModel->first()
#7 C:\xampp\htdocs\biblioteca-local-app\project-root\app\Controllers\Admin\AuthController.php(24): App\Models\UsuarioModel->verificarCredenciales('admin@bibliotec...', 'admin123')
#8 C:\xampp\htdocs\biblioteca-local-app\project-root\vendor\codeigniter4\framework\system\CodeIgniter.php(974): App\Controllers\Admin\AuthController->autenticar()
#9 C:\xampp\htdocs\biblioteca-local-app\project-root\vendor\codeigniter4\framework\system\CodeIgniter.php(520): CodeIgniter\CodeIgniter->runController(Object(App\Controllers\Admin\AuthController))
#10 C:\xampp\htdocs\biblioteca-local-app\project-root\vendor\codeigniter4\framework\system\CodeIgniter.php(363): CodeIgniter\CodeIgniter->handleRequest(NULL, Object(Config\Cache), false)
#11 C:\xampp\htdocs\biblioteca-local-app\project-root\vendor\codeigniter4\framework\system\Boot.php(417): CodeIgniter\CodeIgniter->run()
#12 C:\xampp\htdocs\biblioteca-local-app\project-root\vendor\codeigniter4\framework\system\Boot.php(68): CodeIgniter\Boot::runCodeIgniter(Object(CodeIgniter\CodeIgniter))
#13 C:\xampp\htdocs\biblioteca-local-app\project-root\public\index.php(59): CodeIgniter\Boot::bootWeb(Object(Config\Paths))
#14 C:\xampp\htdocs\biblioteca-local-app\project-root\vendor\codeigniter4\framework\system\rewrite.php(44): require_once('C:\\xampp\\htdocs...')
#15 {main}

Next CodeIgniter\Database\Exceptions\DatabaseException: No se puede establecer una conexión ya que el equipo de destino denegó expresamente dicha conexión in C:\xampp\htdocs\biblioteca-local-app\project-root\vendor\codeigniter4\framework\system\Database\MySQLi\Connection.php:231
Stack trace:
#0 C:\xampp\htdocs\biblioteca-local-app\project-root\vendor\codeigniter4\framework\system\Database\BaseConnection.php(555): CodeIgniter\Database\MySQLi\Connection->connect(false)
#1 C:\xampp\htdocs\biblioteca-local-app\project-root\vendor\codeigniter4\framework\system\Database\BaseConnection.php(795): CodeIgniter\Database\BaseConnection->initialize()
#2 C:\xampp\htdocs\biblioteca-local-app\project-root\vendor\codeigniter4\framework\system\Database\BaseBuilder.php(1659): CodeIgniter\Database\BaseConnection->query('SELECT *\nFROM `...', Array, false)
#3 C:\xampp\htdocs\biblioteca-local-app\project-root\vendor\codeigniter4\framework\system\Model.php(297): CodeIgniter\Database\BaseBuilder->get()
#4 C:\xampp\htdocs\biblioteca-local-app\project-root\vendor\codeigniter4\framework\system\BaseModel.php(714): CodeIgniter\Model->doFirst()
#5 C:\xampp\htdocs\biblioteca-local-app\project-root\app\Models\UsuarioModel.php(36): CodeIgniter\BaseModel->first()
#6 C:\xampp\htdocs\biblioteca-local-app\project-root\app\Controllers\Admin\AuthController.php(24): App\Models\UsuarioModel->verificarCredenciales('admin@bibliotec...', 'admin123')
#7 C:\xampp\htdocs\biblioteca-local-app\project-root\vendor\codeigniter4\framework\system\CodeIgniter.php(974): App\Controllers\Admin\AuthController->autenticar()
#8 C:\xampp\htdocs\biblioteca-local-app\project-root\vendor\codeigniter4\framework\system\CodeIgniter.php(520): CodeIgniter\CodeIgniter->runController(Object(App\Controllers\Admin\AuthController))
#9 C:\xampp\htdocs\biblioteca-local-app\project-root\vendor\codeigniter4\framework\system\CodeIgniter.php(363): CodeIgniter\CodeIgniter->handleRequest(NULL, Object(Config\Cache), false)
#10 C:\xampp\htdocs\biblioteca-local-app\project-root\vendor\codeigniter4\framework\system\Boot.php(417): CodeIgniter\CodeIgniter->run()
#11 C:\xampp\htdocs\biblioteca-local-app\project-root\vendor\codeigniter4\framework\system\Boot.php(68): CodeIgniter\Boot::runCodeIgniter(Object(CodeIgniter\CodeIgniter))
#12 C:\xampp\htdocs\biblioteca-local-app\project-root\public\index.php(59): CodeIgniter\Boot::bootWeb(Object(Config\Paths))
#13 C:\xampp\htdocs\biblioteca-local-app\project-root\vendor\codeigniter4\framework\system\rewrite.php(44): require_once('C:\\xampp\\htdocs...')
#14 {main}
CRITICAL - 2026-09-17 21:52:23 --> CodeIgniter\Database\Exceptions\DatabaseException: Unable to connect to the database.
Main connection [MySQLi]: No se puede establecer una conexión ya que el equipo de destino denegó expresamente dicha conexión
[Method: POST, Route: admin/login]
in SYSTEMPATH\Database\BaseConnection.php on line 606.
 1 SYSTEMPATH\Database\BaseConnection.php(795): CodeIgniter\Database\BaseConnection->initialize()
 2 SYSTEMPATH\Database\BaseBuilder.php(1659): CodeIgniter\Database\BaseConnection->query('SELECT *
FROM `usuarios`
WHERE `mail` = :mail:
AND `estado` = :estado:
 LIMIT 1', [...], false)
 3 SYSTEMPATH\Model.php(297): CodeIgniter\Database\BaseBuilder->get()
 4 SYSTEMPATH\BaseModel.php(714): CodeIgniter\Model->doFirst()
 5 APPPATH\Models\UsuarioModel.php(36): CodeIgniter\BaseModel->first()
 6 APPPATH\Controllers\Admin\AuthController.php(24): App\Models\UsuarioModel->verificarCredenciales('admin@biblioteca.local', 'admin123')
 7 SYSTEMPATH\CodeIgniter.php(974): App\Controllers\Admin\AuthController->autenticar()
 8 SYSTEMPATH\CodeIgniter.php(520): CodeIgniter\CodeIgniter->runController(Object(App\Controllers\Admin\AuthController))
 9 SYSTEMPATH\CodeIgniter.php(363): CodeIgniter\CodeIgniter->handleRequest(null, Object(Config\Cache), false)
10 SYSTEMPATH\Boot.php(417): CodeIgniter\CodeIgniter->run()
11 SYSTEMPATH\Boot.php(68): CodeIgniter\Boot::runCodeIgniter(Object(CodeIgniter\CodeIgniter))
12 FCPATH\index.php(59): CodeIgniter\Boot::bootWeb(Object(Config\Paths))
13 SYSTEMPATH\rewrite.php(44): require_once('C:\\xampp\\htdocs\\biblioteca-local-app\\project-root\\public\\index.php')
ERROR - 2026-09-17 21:52:38 --> Error connecting to the database: mysqli_sql_exception: No se puede establecer una conexión ya que el equipo de destino denegó expresamente dicha conexión in C:\xampp\htdocs\biblioteca-local-app\project-root\vendor\codeigniter4\framework\system\Database\MySQLi\Connection.php:201
Stack trace:
#0 C:\xampp\htdocs\biblioteca-local-app\project-root\vendor\codeigniter4\framework\system\Database\MySQLi\Connection.php(201): mysqli->real_connect('localhost', 'root', Object(SensitiveParameterValue), 'biblioteca_virt...', 3306, '', 0)
#1 C:\xampp\htdocs\biblioteca-local-app\project-root\vendor\codeigniter4\framework\system\Database\BaseConnection.php(555): CodeIgniter\Database\MySQLi\Connection->connect(false)
#2 C:\xampp\htdocs\biblioteca-local-app\project-root\vendor\codeigniter4\framework\system\Database\BaseConnection.php(795): CodeIgniter\Database\BaseConnection->initialize()
#3 C:\xampp\htdocs\biblioteca-local-app\project-root\vendor\codeigniter4\framework\system\Database\BaseBuilder.php(1659): CodeIgniter\Database\BaseConnection->query('SELECT *\nFROM `...', Array, false)
#4 C:\xampp\htdocs\biblioteca-local-app\project-root\vendor\codeigniter4\framework\system\Model.php(297): CodeIgniter\Database\BaseBuilder->get()
#5 C:\xampp\htdocs\biblioteca-local-app\project-root\vendor\codeigniter4\framework\system\BaseModel.php(714): CodeIgniter\Model->doFirst()
#6 C:\xampp\htdocs\biblioteca-local-app\project-root\app\Models\UsuarioModel.php(36): CodeIgniter\BaseModel->first()
#7 C:\xampp\htdocs\biblioteca-local-app\project-root\app\Controllers\Admin\AuthController.php(24): App\Models\UsuarioModel->verificarCredenciales('admin@bibliotec...', 'admin123')
#8 C:\xampp\htdocs\biblioteca-local-app\project-root\vendor\codeigniter4\framework\system\CodeIgniter.php(974): App\Controllers\Admin\AuthController->autenticar()
#9 C:\xampp\htdocs\biblioteca-local-app\project-root\vendor\codeigniter4\framework\system\CodeIgniter.php(520): CodeIgniter\CodeIgniter->runController(Object(App\Controllers\Admin\AuthController))
#10 C:\xampp\htdocs\biblioteca-local-app\project-root\vendor\codeigniter4\framework\system\CodeIgniter.php(363): CodeIgniter\CodeIgniter->handleRequest(NULL, Object(Config\Cache), false)
#11 C:\xampp\htdocs\biblioteca-local-app\project-root\vendor\codeigniter4\framework\system\Boot.php(417): CodeIgniter\CodeIgniter->run()
#12 C:\xampp\htdocs\biblioteca-local-app\project-root\vendor\codeigniter4\framework\system\Boot.php(68): CodeIgniter\Boot::runCodeIgniter(Object(CodeIgniter\CodeIgniter))
#13 C:\xampp\htdocs\biblioteca-local-app\project-root\public\index.php(59): CodeIgniter\Boot::bootWeb(Object(Config\Paths))
#14 C:\xampp\htdocs\biblioteca-local-app\project-root\vendor\codeigniter4\framework\system\rewrite.php(44): require_once('C:\\xampp\\htdocs...')
#15 {main}

Next CodeIgniter\Database\Exceptions\DatabaseException: No se puede establecer una conexión ya que el equipo de destino denegó expresamente dicha conexión in C:\xampp\htdocs\biblioteca-local-app\project-root\vendor\codeigniter4\framework\system\Database\MySQLi\Connection.php:231
Stack trace:
#0 C:\xampp\htdocs\biblioteca-local-app\project-root\vendor\codeigniter4\framework\system\Database\BaseConnection.php(555): CodeIgniter\Database\MySQLi\Connection->connect(false)
#1 C:\xampp\htdocs\biblioteca-local-app\project-root\vendor\codeigniter4\framework\system\Database\BaseConnection.php(795): CodeIgniter\Database\BaseConnection->initialize()
#2 C:\xampp\htdocs\biblioteca-local-app\project-root\vendor\codeigniter4\framework\system\Database\BaseBuilder.php(1659): CodeIgniter\Database\BaseConnection->query('SELECT *\nFROM `...', Array, false)
#3 C:\xampp\htdocs\biblioteca-local-app\project-root\vendor\codeigniter4\framework\system\Model.php(297): CodeIgniter\Database\BaseBuilder->get()
#4 C:\xampp\htdocs\biblioteca-local-app\project-root\vendor\codeigniter4\framework\system\BaseModel.php(714): CodeIgniter\Model->doFirst()
#5 C:\xampp\htdocs\biblioteca-local-app\project-root\app\Models\UsuarioModel.php(36): CodeIgniter\BaseModel->first()
#6 C:\xampp\htdocs\biblioteca-local-app\project-root\app\Controllers\Admin\AuthController.php(24): App\Models\UsuarioModel->verificarCredenciales('admin@bibliotec...', 'admin123')
#7 C:\xampp\htdocs\biblioteca-local-app\project-root\vendor\codeigniter4\framework\system\CodeIgniter.php(974): App\Controllers\Admin\AuthController->autenticar()
#8 C:\xampp\htdocs\biblioteca-local-app\project-root\vendor\codeigniter4\framework\system\CodeIgniter.php(520): CodeIgniter\CodeIgniter->runController(Object(App\Controllers\Admin\AuthController))
#9 C:\xampp\htdocs\biblioteca-local-app\project-root\vendor\codeigniter4\framework\system\CodeIgniter.php(363): CodeIgniter\CodeIgniter->handleRequest(NULL, Object(Config\Cache), false)
#10 C:\xampp\htdocs\biblioteca-local-app\project-root\vendor\codeigniter4\framework\system\Boot.php(417): CodeIgniter\CodeIgniter->run()
#11 C:\xampp\htdocs\biblioteca-local-app\project-root\vendor\codeigniter4\framework\system\Boot.php(68): CodeIgniter\Boot::runCodeIgniter(Object(CodeIgniter\CodeIgniter))
#12 C:\xampp\htdocs\biblioteca-local-app\project-root\public\index.php(59): CodeIgniter\Boot::bootWeb(Object(Config\Paths))
#13 C:\xampp\htdocs\biblioteca-local-app\project-root\vendor\codeigniter4\framework\system\rewrite.php(44): require_once('C:\\xampp\\htdocs...')
#14 {main}
CRITICAL - 2026-09-17 21:52:38 --> CodeIgniter\Database\Exceptions\DatabaseException: Unable to connect to the database.
Main connection [MySQLi]: No se puede establecer una conexión ya que el equipo de destino denegó expresamente dicha conexión
[Method: POST, Route: admin/login]
in SYSTEMPATH\Database\BaseConnection.php on line 606.
 1 SYSTEMPATH\Database\BaseConnection.php(795): CodeIgniter\Database\BaseConnection->initialize()
 2 SYSTEMPATH\Database\BaseBuilder.php(1659): CodeIgniter\Database\BaseConnection->query('SELECT *
FROM `usuarios`
WHERE `mail` = :mail:
AND `estado` = :estado:
 LIMIT 1', [...], false)
 3 SYSTEMPATH\Model.php(297): CodeIgniter\Database\BaseBuilder->get()
 4 SYSTEMPATH\BaseModel.php(714): CodeIgniter\Model->doFirst()
 5 APPPATH\Models\UsuarioModel.php(36): CodeIgniter\BaseModel->first()
 6 APPPATH\Controllers\Admin\AuthController.php(24): App\Models\UsuarioModel->verificarCredenciales('admin@biblioteca.local', 'admin123')
 7 SYSTEMPATH\CodeIgniter.php(974): App\Controllers\Admin\AuthController->autenticar()
 8 SYSTEMPATH\CodeIgniter.php(520): CodeIgniter\CodeIgniter->runController(Object(App\Controllers\Admin\AuthController))
 9 SYSTEMPATH\CodeIgniter.php(363): CodeIgniter\CodeIgniter->handleRequest(null, Object(Config\Cache), false)
10 SYSTEMPATH\Boot.php(417): CodeIgniter\CodeIgniter->run()
11 SYSTEMPATH\Boot.php(68): CodeIgniter\Boot::runCodeIgniter(Object(CodeIgniter\CodeIgniter))
12 FCPATH\index.php(59): CodeIgniter\Boot::bootWeb(Object(Config\Paths))
13 SYSTEMPATH\rewrite.php(44): require_once('C:\\xampp\\htdocs\\biblioteca-local-app\\project-root\\public\\index.php')
ERROR - 2026-09-17 21:54:31 --> Table 'biblioteca_virtual.ejemplares' doesn't exist
in SYSTEMPATH\Database\MySQLi\Connection.php on line 300.
 1 SYSTEMPATH\Database\MySQLi\Connection.php(300): mysqli->query('SELECT `estado`, COUNT(*) as cantidad
FROM `ejemplares`
GROUP BY `estado`
ORDER BY `estado` ASC', 0)
 2 SYSTEMPATH\Database\BaseConnection.php(908): CodeIgniter\Database\MySQLi\Connection->execute('SELECT `estado`, COUNT(*) as cantidad
FROM `ejemplares`
GROUP BY `estado`
ORDER BY `estado` ASC')
 3 SYSTEMPATH\Database\BaseConnection.php(825): CodeIgniter\Database\BaseConnection->simpleQuery('SELECT `estado`, COUNT(*) as cantidad
FROM `ejemplares`
GROUP BY `estado`
ORDER BY `estado` ASC')
 4 SYSTEMPATH\Database\BaseBuilder.php(1659): CodeIgniter\Database\BaseConnection->query('SELECT `estado`, COUNT(*) as cantidad
FROM `ejemplares`
GROUP BY `estado`
ORDER BY `estado` ASC', [], false)
 5 SYSTEMPATH\Model.php(255): CodeIgniter\Database\BaseBuilder->get()
 6 SYSTEMPATH\BaseModel.php(676): CodeIgniter\Model->doFindAll(0, 0)
 7 APPPATH\Models\EjemplarModel.php(81): CodeIgniter\BaseModel->findAll()
 8 APPPATH\Controllers\Admin\DashboardController.php(23): App\Models\EjemplarModel->reportePorEstado()
 9 SYSTEMPATH\CodeIgniter.php(974): App\Controllers\Admin\DashboardController->index()
10 SYSTEMPATH\CodeIgniter.php(520): CodeIgniter\CodeIgniter->runController(Object(App\Controllers\Admin\DashboardController))
11 SYSTEMPATH\CodeIgniter.php(363): CodeIgniter\CodeIgniter->handleRequest(null, Object(Config\Cache), false)
12 SYSTEMPATH\Boot.php(417): CodeIgniter\CodeIgniter->run()
13 SYSTEMPATH\Boot.php(68): CodeIgniter\Boot::runCodeIgniter(Object(CodeIgniter\CodeIgniter))
14 FCPATH\index.php(59): CodeIgniter\Boot::bootWeb(Object(Config\Paths))
15 SYSTEMPATH\rewrite.php(44): require_once('C:\\xampp\\htdocs\\biblioteca-local-app\\project-root\\public\\index.php')
