ERROR - 2026-10-05 22:55:08 --> near ")": syntax error
in SYSTEMPATH\Database\SQLite3\Connection.php on line 163.
 1 SYSTEMPATH\Database\SQLite3\Connection.php(163): SQLite3->exec('INSERT INTO `db_registros` ()
VALUES (31001002,\'2026-10-05\',\'2026-10-06\',1), (31001002,\'2026-10-05\',\'2026-10-08\',1), (31001002,\'2026-10-05\',\'2026-10-09\',1), (31001002,\'2026-10-05\',\'2026-10-04\',1), ()')
 2 SYSTEMPATH\Database\BaseConnection.php(908): CodeIgniter\Database\SQLite3\Connection->execute('INSERT INTO `db_registros` ()
VALUES (31001002,\'2026-10-05\',\'2026-10-06\',1), (31001002,\'2026-10-05\',\'2026-10-08\',1), (31001002,\'2026-10-05\',\'2026-10-09\',1), (31001002,\'2026-10-05\',\'2026-10-04\',1), ()')
 3 SYSTEMPATH\Database\BaseConnection.php(825): CodeIgniter\Database\BaseConnection->simpleQuery('INSERT INTO `db_registros` ()
VALUES (31001002,\'2026-10-05\',\'2026-10-06\',1), (31001002,\'2026-10-05\',\'2026-10-08\',1), (31001002,\'2026-10-05\',\'2026-10-09\',1), (31001002,\'2026-10-05\',\'2026-10-04\',1), ()')
 4 SYSTEMPATH\Database\BaseBuilder.php(1851): CodeIgniter\Database\BaseConnection->query('INSERT INTO `db_registros` ()
VALUES (31001002,\'2026-10-05\',\'2026-10-06\',1), (31001002,\'2026-10-05\',\'2026-10-08\',1), (31001002,\'2026-10-05\',\'2026-10-09\',1), (31001002,\'2026-10-05\',\'2026-10-04\',1), ()', null, false)
 5 SYSTEMPATH\Database\BaseBuilder.php(2240): CodeIgniter\Database\BaseBuilder->batchExecute('_insertBatch', 100)
 6 ROOTPATH\tests\database\CriticalFlowsTest.php(104): CodeIgniter\Database\BaseBuilder->insertBatch([...])
 7 VENDORPATH\phpunit\phpunit\src\Framework\TestCase.php(1548): CriticalFlowsTest->testSocioPanelListsOnlyActiveLoansDueWithinThreeDays()
 8 VENDORPATH\phpunit\phpunit\src\Framework\TestCase.php(686): PHPUnit\Framework\TestCase->runTest()
 9 VENDORPATH\phpunit\phpunit\src\Framework\TestRunner.php(106): PHPUnit\Framework\TestCase->runBare()
10 VENDORPATH\phpunit\phpunit\src\Framework\TestCase.php(516): PHPUnit\Framework\TestRunner->run(Object(CriticalFlowsTest))
11 VENDORPATH\phpunit\phpunit\src\Framework\TestSuite.php(374): PHPUnit\Framework\TestCase->run()
12 VENDORPATH\phpunit\phpunit\src\TextUI\TestRunner.php(64): PHPUnit\Framework\TestSuite->run()
13 VENDORPATH\phpunit\phpunit\src\TextUI\Application.php(204): PHPUnit\TextUI\TestRunner->run(Object(PHPUnit\TextUI\Configuration\Configuration), Object(PHPUnit\Runner\ResultCache\DefaultResultCache), Object(PHPUnit\Framework\TestSuite))
14 VENDORPATH\phpunit\phpunit\phpunit(104): PHPUnit\TextUI\Application->run([...])
15 VENDORPATH\bin\phpunit(122): include('C:\\xampp\\htdocs\\biblioteca-local-app\\project-root\\vendor\\phpunit\\phpunit\\phpunit')
