ERROR - 2026-10-01 21:43:55 --> Table 'biblioteca_virtual.ejemplares' doesn't exist
in SYSTEMPATH\Database\MySQLi\Connection.php on line 300.
 1 SYSTEMPATH\Database\MySQLi\Connection.php(300): mysqli->query('SELECT `estado`, COUNT(*) as cantidad
FROM `ejemplares`
GROUP BY `estado`
ORDER BY `estado` ASC', 0)
 2 SYSTEMPATH\Database\BaseConnection.php(908): CodeIgniter\Database\MySQLi\Connection->execute('SELECT `estado`, COUNT(*) as cantidad
FROM `ejemplares`
GROUP BY `estado`
ORDER BY `estado` ASC')
 3 SYSTEMPATH\Database\BaseConnection.php(825): CodeIgniter\Database\BaseConnection->simpleQuery('SELECT `estado`, COUNT(*) as cantidad
FROM `ejemplares`
GROUP BY `estado`
ORDER BY `estado` ASC')
 4 SYSTEMPATH\Database\BaseBuilder.php(1659): CodeIgniter\Database\BaseConnection->query('SELECT `estado`, COUNT(*) as cantidad
FROM `ejemplares`
GROUP BY `estado`
ORDER BY `estado` ASC', [], false)
 5 SYSTEMPATH\Model.php(255): CodeIgniter\Database\BaseBuilder->get()
 6 SYSTEMPATH\BaseModel.php(676): CodeIgniter\Model->doFindAll(0, 0)
 7 APPPATH\Models\EjemplarModel.php(81): CodeIgniter\BaseModel->findAll()
 8 APPPATH\Controllers\Admin\DashboardController.php(22): App\Models\EjemplarModel->reportePorEstado()
 9 SYSTEMPATH\CodeIgniter.php(974): App\Controllers\Admin\DashboardController->index()
10 SYSTEMPATH\CodeIgniter.php(520): CodeIgniter\CodeIgniter->runController(Object(App\Controllers\Admin\DashboardController))
11 SYSTEMPATH\CodeIgniter.php(363): CodeIgniter\CodeIgniter->handleRequest(null, Object(Config\Cache), false)
12 SYSTEMPATH\Boot.php(417): CodeIgniter\CodeIgniter->run()
13 SYSTEMPATH\Boot.php(68): CodeIgniter\Boot::runCodeIgniter(Object(CodeIgniter\CodeIgniter))
14 FCPATH\index.php(59): CodeIgniter\Boot::bootWeb(Object(Config\Paths))
15 SYSTEMPATH\rewrite.php(44): require_once('C:\\xampp\\htdocs\\biblioteca-local-app\\project-root\\public\\index.php')
ERROR - 2026-10-01 21:46:46 --> Table 'biblioteca_virtual.donaciones' doesn't exist
in SYSTEMPATH\Database\MySQLi\Connection.php on line 300.
 1 SYSTEMPATH\Database\MySQLi\Connection.php(300): mysqli->query('SELECT *
FROM `donaciones`
ORDER BY `fecha_donacion` DESC', 0)
 2 SYSTEMPATH\Database\BaseConnection.php(908): CodeIgniter\Database\MySQLi\Connection->execute('SELECT *
FROM `donaciones`
ORDER BY `fecha_donacion` DESC')
 3 SYSTEMPATH\Database\BaseConnection.php(825): CodeIgniter\Database\BaseConnection->simpleQuery('SELECT *
FROM `donaciones`
ORDER BY `fecha_donacion` DESC')
 4 SYSTEMPATH\Database\BaseBuilder.php(1659): CodeIgniter\Database\BaseConnection->query('SELECT *
FROM `donaciones`
ORDER BY `fecha_donacion` DESC', [], false)
 5 SYSTEMPATH\Model.php(255): CodeIgniter\Database\BaseBuilder->get()
 6 SYSTEMPATH\BaseModel.php(676): CodeIgniter\Model->doFindAll(0, 0)
 7 APPPATH\Controllers\Admin\DonacionController.php(20): CodeIgniter\BaseModel->findAll()
 8 SYSTEMPATH\CodeIgniter.php(974): App\Controllers\Admin\DonacionController->index()
 9 SYSTEMPATH\CodeIgniter.php(520): CodeIgniter\CodeIgniter->runController(Object(App\Controllers\Admin\DonacionController))
10 SYSTEMPATH\CodeIgniter.php(363): CodeIgniter\CodeIgniter->handleRequest(null, Object(Config\Cache), false)
11 SYSTEMPATH\Boot.php(417): CodeIgniter\CodeIgniter->run()
12 SYSTEMPATH\Boot.php(68): CodeIgniter\Boot::runCodeIgniter(Object(CodeIgniter\CodeIgniter))
13 FCPATH\index.php(59): CodeIgniter\Boot::bootWeb(Object(Config\Paths))
14 SYSTEMPATH\rewrite.php(44): require_once('C:\\xampp\\htdocs\\biblioteca-local-app\\project-root\\public\\index.php')
CRITICAL - 2026-10-01 21:46:46 --> CodeIgniter\Database\Exceptions\DatabaseException: Table 'biblioteca_virtual.donaciones' doesn't exist
[Method: GET, Route: admin/donaciones]
in SYSTEMPATH\Database\BaseConnection.php on line 863.
 1 SYSTEMPATH\Database\BaseBuilder.php(1659): CodeIgniter\Database\BaseConnection->query('SELECT *
FROM `donaciones`
ORDER BY `fecha_donacion` DESC', [], false)
 2 SYSTEMPATH\Model.php(255): CodeIgniter\Database\BaseBuilder->get()
 3 SYSTEMPATH\BaseModel.php(676): CodeIgniter\Model->doFindAll(0, 0)
 4 APPPATH\Controllers\Admin\DonacionController.php(20): CodeIgniter\BaseModel->findAll()
 5 SYSTEMPATH\CodeIgniter.php(974): App\Controllers\Admin\DonacionController->index()
 6 SYSTEMPATH\CodeIgniter.php(520): CodeIgniter\CodeIgniter->runController(Object(App\Controllers\Admin\DonacionController))
 7 SYSTEMPATH\CodeIgniter.php(363): CodeIgniter\CodeIgniter->handleRequest(null, Object(Config\Cache), false)
 8 SYSTEMPATH\Boot.php(417): CodeIgniter\CodeIgniter->run()
 9 SYSTEMPATH\Boot.php(68): CodeIgniter\Boot::runCodeIgniter(Object(CodeIgniter\CodeIgniter))
10 FCPATH\index.php(59): CodeIgniter\Boot::bootWeb(Object(Config\Paths))
11 SYSTEMPATH\rewrite.php(44): require_once('C:\\xampp\\htdocs\\biblioteca-local-app\\project-root\\public\\index.php')
CRITICAL - 2026-10-01 21:46:46 --> [Caused by] CodeIgniter\Database\Exceptions\DatabaseException: Table 'biblioteca_virtual.donaciones' doesn't exist
in SYSTEMPATH\Database\MySQLi\Connection.php on line 310.
 1 SYSTEMPATH\Database\BaseConnection.php(908): CodeIgniter\Database\MySQLi\Connection->execute('SELECT *
FROM `donaciones`
ORDER BY `fecha_donacion` DESC')
 2 SYSTEMPATH\Database\BaseConnection.php(825): CodeIgniter\Database\BaseConnection->simpleQuery('SELECT *
FROM `donaciones`
ORDER BY `fecha_donacion` DESC')
 3 SYSTEMPATH\Database\BaseBuilder.php(1659): CodeIgniter\Database\BaseConnection->query('SELECT *
FROM `donaciones`
ORDER BY `fecha_donacion` DESC', [], false)
 4 SYSTEMPATH\Model.php(255): CodeIgniter\Database\BaseBuilder->get()
 5 SYSTEMPATH\BaseModel.php(676): CodeIgniter\Model->doFindAll(0, 0)
 6 APPPATH\Controllers\Admin\DonacionController.php(20): CodeIgniter\BaseModel->findAll()
 7 SYSTEMPATH\CodeIgniter.php(974): App\Controllers\Admin\DonacionController->index()
 8 SYSTEMPATH\CodeIgniter.php(520): CodeIgniter\CodeIgniter->runController(Object(App\Controllers\Admin\DonacionController))
 9 SYSTEMPATH\CodeIgniter.php(363): CodeIgniter\CodeIgniter->handleRequest(null, Object(Config\Cache), false)
10 SYSTEMPATH\Boot.php(417): CodeIgniter\CodeIgniter->run()
11 SYSTEMPATH\Boot.php(68): CodeIgniter\Boot::runCodeIgniter(Object(CodeIgniter\CodeIgniter))
12 FCPATH\index.php(59): CodeIgniter\Boot::bootWeb(Object(Config\Paths))
13 SYSTEMPATH\rewrite.php(44): require_once('C:\\xampp\\htdocs\\biblioteca-local-app\\project-root\\public\\index.php')
CRITICAL - 2026-10-01 21:46:46 --> [Caused by] mysqli_sql_exception: Table 'biblioteca_virtual.donaciones' doesn't exist
in SYSTEMPATH\Database\MySQLi\Connection.php on line 300.
 1 SYSTEMPATH\Database\MySQLi\Connection.php(300): mysqli->query('SELECT *
FROM `donaciones`
ORDER BY `fecha_donacion` DESC', 0)
 2 SYSTEMPATH\Database\BaseConnection.php(908): CodeIgniter\Database\MySQLi\Connection->execute('SELECT *
FROM `donaciones`
ORDER BY `fecha_donacion` DESC')
 3 SYSTEMPATH\Database\BaseConnection.php(825): CodeIgniter\Database\BaseConnection->simpleQuery('SELECT *
FROM `donaciones`
ORDER BY `fecha_donacion` DESC')
 4 SYSTEMPATH\Database\BaseBuilder.php(1659): CodeIgniter\Database\BaseConnection->query('SELECT *
FROM `donaciones`
ORDER BY `fecha_donacion` DESC', [], false)
 5 SYSTEMPATH\Model.php(255): CodeIgniter\Database\BaseBuilder->get()
 6 SYSTEMPATH\BaseModel.php(676): CodeIgniter\Model->doFindAll(0, 0)
 7 APPPATH\Controllers\Admin\DonacionController.php(20): CodeIgniter\BaseModel->findAll()
 8 SYSTEMPATH\CodeIgniter.php(974): App\Controllers\Admin\DonacionController->index()
 9 SYSTEMPATH\CodeIgniter.php(520): CodeIgniter\CodeIgniter->runController(Object(App\Controllers\Admin\DonacionController))
10 SYSTEMPATH\CodeIgniter.php(363): CodeIgniter\CodeIgniter->handleRequest(null, Object(Config\Cache), false)
11 SYSTEMPATH\Boot.php(417): CodeIgniter\CodeIgniter->run()
12 SYSTEMPATH\Boot.php(68): CodeIgniter\Boot::runCodeIgniter(Object(CodeIgniter\CodeIgniter))
13 FCPATH\index.php(59): CodeIgniter\Boot::bootWeb(Object(Config\Paths))
14 SYSTEMPATH\rewrite.php(44): require_once('C:\\xampp\\htdocs\\biblioteca-local-app\\project-root\\public\\index.php')
ERROR - 2026-10-01 21:47:03 --> Table 'biblioteca_virtual.ejemplares' doesn't exist
in SYSTEMPATH\Database\MySQLi\Connection.php on line 300.
 1 SYSTEMPATH\Database\MySQLi\Connection.php(300): mysqli->query('SELECT `ejemplares`.*, `libros`.`titulo`, `libros`.`autor`
FROM `ejemplares`
JOIN `libros` ON `libros`.`id` = `ejemplares`.`libro_id`
ORDER BY `libros`.`titulo` ASC', 0)
 2 SYSTEMPATH\Database\BaseConnection.php(908): CodeIgniter\Database\MySQLi\Connection->execute('SELECT `ejemplares`.*, `libros`.`titulo`, `libros`.`autor`
FROM `ejemplares`
JOIN `libros` ON `libros`.`id` = `ejemplares`.`libro_id`
ORDER BY `libros`.`titulo` ASC')
 3 SYSTEMPATH\Database\BaseConnection.php(825): CodeIgniter\Database\BaseConnection->simpleQuery('SELECT `ejemplares`.*, `libros`.`titulo`, `libros`.`autor`
FROM `ejemplares`
JOIN `libros` ON `libros`.`id` = `ejemplares`.`libro_id`
ORDER BY `libros`.`titulo` ASC')
 4 SYSTEMPATH\Database\BaseBuilder.php(1659): CodeIgniter\Database\BaseConnection->query('SELECT `ejemplares`.*, `libros`.`titulo`, `libros`.`autor`
FROM `ejemplares`
JOIN `libros` ON `libros`.`id` = `ejemplares`.`libro_id`
ORDER BY `libros`.`titulo` ASC', [], false)
 5 SYSTEMPATH\Model.php(255): CodeIgniter\Database\BaseBuilder->get()
 6 SYSTEMPATH\BaseModel.php(676): CodeIgniter\Model->doFindAll(0, 0)
 7 APPPATH\Controllers\Admin\EjemplarController.php(20): CodeIgniter\BaseModel->findAll()
 8 SYSTEMPATH\CodeIgniter.php(974): App\Controllers\Admin\EjemplarController->index()
 9 SYSTEMPATH\CodeIgniter.php(520): CodeIgniter\CodeIgniter->runController(Object(App\Controllers\Admin\EjemplarController))
10 SYSTEMPATH\CodeIgniter.php(363): CodeIgniter\CodeIgniter->handleRequest(null, Object(Config\Cache), false)
11 SYSTEMPATH\Boot.php(417): CodeIgniter\CodeIgniter->run()
12 SYSTEMPATH\Boot.php(68): CodeIgniter\Boot::runCodeIgniter(Object(CodeIgniter\CodeIgniter))
13 FCPATH\index.php(59): CodeIgniter\Boot::bootWeb(Object(Config\Paths))
14 SYSTEMPATH\rewrite.php(44): require_once('C:\\xampp\\htdocs\\biblioteca-local-app\\project-root\\public\\index.php')
CRITICAL - 2026-10-01 21:47:03 --> CodeIgniter\Database\Exceptions\DatabaseException: Table 'biblioteca_virtual.ejemplares' doesn't exist
[Method: GET, Route: admin/ejemplares]
in SYSTEMPATH\Database\BaseConnection.php on line 863.
 1 SYSTEMPATH\Database\BaseBuilder.php(1659): CodeIgniter\Database\BaseConnection->query('SELECT `ejemplares`.*, `libros`.`titulo`, `libros`.`autor`
FROM `ejemplares`
JOIN `libros` ON `libros`.`id` = `ejemplares`.`libro_id`
ORDER BY `libros`.`titulo` ASC', [], false)
 2 SYSTEMPATH\Model.php(255): CodeIgniter\Database\BaseBuilder->get()
 3 SYSTEMPATH\BaseModel.php(676): CodeIgniter\Model->doFindAll(0, 0)
 4 APPPATH\Controllers\Admin\EjemplarController.php(20): CodeIgniter\BaseModel->findAll()
 5 SYSTEMPATH\CodeIgniter.php(974): App\Controllers\Admin\EjemplarController->index()
 6 SYSTEMPATH\CodeIgniter.php(520): CodeIgniter\CodeIgniter->runController(Object(App\Controllers\Admin\EjemplarController))
 7 SYSTEMPATH\CodeIgniter.php(363): CodeIgniter\CodeIgniter->handleRequest(null, Object(Config\Cache), false)
 8 SYSTEMPATH\Boot.php(417): CodeIgniter\CodeIgniter->run()
 9 SYSTEMPATH\Boot.php(68): CodeIgniter\Boot::runCodeIgniter(Object(CodeIgniter\CodeIgniter))
10 FCPATH\index.php(59): CodeIgniter\Boot::bootWeb(Object(Config\Paths))
11 SYSTEMPATH\rewrite.php(44): require_once('C:\\xampp\\htdocs\\biblioteca-local-app\\project-root\\public\\index.php')
CRITICAL - 2026-10-01 21:47:03 --> [Caused by] CodeIgniter\Database\Exceptions\DatabaseException: Table 'biblioteca_virtual.ejemplares' doesn't exist
in SYSTEMPATH\Database\MySQLi\Connection.php on line 310.
 1 SYSTEMPATH\Database\BaseConnection.php(908): CodeIgniter\Database\MySQLi\Connection->execute('SELECT `ejemplares`.*, `libros`.`titulo`, `libros`.`autor`
FROM `ejemplares`
JOIN `libros` ON `libros`.`id` = `ejemplares`.`libro_id`
ORDER BY `libros`.`titulo` ASC')
 2 SYSTEMPATH\Database\BaseConnection.php(825): CodeIgniter\Database\BaseConnection->simpleQuery('SELECT `ejemplares`.*, `libros`.`titulo`, `libros`.`autor`
FROM `ejemplares`
JOIN `libros` ON `libros`.`id` = `ejemplares`.`libro_id`
ORDER BY `libros`.`titulo` ASC')
 3 SYSTEMPATH\Database\BaseBuilder.php(1659): CodeIgniter\Database\BaseConnection->query('SELECT `ejemplares`.*, `libros`.`titulo`, `libros`.`autor`
FROM `ejemplares`
JOIN `libros` ON `libros`.`id` = `ejemplares`.`libro_id`
ORDER BY `libros`.`titulo` ASC', [], false)
 4 SYSTEMPATH\Model.php(255): CodeIgniter\Database\BaseBuilder->get()
 5 SYSTEMPATH\BaseModel.php(676): CodeIgniter\Model->doFindAll(0, 0)
 6 APPPATH\Controllers\Admin\EjemplarController.php(20): CodeIgniter\BaseModel->findAll()
 7 SYSTEMPATH\CodeIgniter.php(974): App\Controllers\Admin\EjemplarController->index()
 8 SYSTEMPATH\CodeIgniter.php(520): CodeIgniter\CodeIgniter->runController(Object(App\Controllers\Admin\EjemplarController))
 9 SYSTEMPATH\CodeIgniter.php(363): CodeIgniter\CodeIgniter->handleRequest(null, Object(Config\Cache), false)
10 SYSTEMPATH\Boot.php(417): CodeIgniter\CodeIgniter->run()
11 SYSTEMPATH\Boot.php(68): CodeIgniter\Boot::runCodeIgniter(Object(CodeIgniter\CodeIgniter))
12 FCPATH\index.php(59): CodeIgniter\Boot::bootWeb(Object(Config\Paths))
13 SYSTEMPATH\rewrite.php(44): require_once('C:\\xampp\\htdocs\\biblioteca-local-app\\project-root\\public\\index.php')
CRITICAL - 2026-10-01 21:47:03 --> [Caused by] mysqli_sql_exception: Table 'biblioteca_virtual.ejemplares' doesn't exist
in SYSTEMPATH\Database\MySQLi\Connection.php on line 300.
 1 SYSTEMPATH\Database\MySQLi\Connection.php(300): mysqli->query('SELECT `ejemplares`.*, `libros`.`titulo`, `libros`.`autor`
FROM `ejemplares`
JOIN `libros` ON `libros`.`id` = `ejemplares`.`libro_id`
ORDER BY `libros`.`titulo` ASC', 0)
 2 SYSTEMPATH\Database\BaseConnection.php(908): CodeIgniter\Database\MySQLi\Connection->execute('SELECT `ejemplares`.*, `libros`.`titulo`, `libros`.`autor`
FROM `ejemplares`
JOIN `libros` ON `libros`.`id` = `ejemplares`.`libro_id`
ORDER BY `libros`.`titulo` ASC')
 3 SYSTEMPATH\Database\BaseConnection.php(825): CodeIgniter\Database\BaseConnection->simpleQuery('SELECT `ejemplares`.*, `libros`.`titulo`, `libros`.`autor`
FROM `ejemplares`
JOIN `libros` ON `libros`.`id` = `ejemplares`.`libro_id`
ORDER BY `libros`.`titulo` ASC')
 4 SYSTEMPATH\Database\BaseBuilder.php(1659): CodeIgniter\Database\BaseConnection->query('SELECT `ejemplares`.*, `libros`.`titulo`, `libros`.`autor`
FROM `ejemplares`
JOIN `libros` ON `libros`.`id` = `ejemplares`.`libro_id`
ORDER BY `libros`.`titulo` ASC', [], false)
 5 SYSTEMPATH\Model.php(255): CodeIgniter\Database\BaseBuilder->get()
 6 SYSTEMPATH\BaseModel.php(676): CodeIgniter\Model->doFindAll(0, 0)
 7 APPPATH\Controllers\Admin\EjemplarController.php(20): CodeIgniter\BaseModel->findAll()
 8 SYSTEMPATH\CodeIgniter.php(974): App\Controllers\Admin\EjemplarController->index()
 9 SYSTEMPATH\CodeIgniter.php(520): CodeIgniter\CodeIgniter->runController(Object(App\Controllers\Admin\EjemplarController))
10 SYSTEMPATH\CodeIgniter.php(363): CodeIgniter\CodeIgniter->handleRequest(null, Object(Config\Cache), false)
11 SYSTEMPATH\Boot.php(417): CodeIgniter\CodeIgniter->run()
12 SYSTEMPATH\Boot.php(68): CodeIgniter\Boot::runCodeIgniter(Object(CodeIgniter\CodeIgniter))
13 FCPATH\index.php(59): CodeIgniter\Boot::bootWeb(Object(Config\Paths))
14 SYSTEMPATH\rewrite.php(44): require_once('C:\\xampp\\htdocs\\biblioteca-local-app\\project-root\\public\\index.php')
ERROR - 2026-10-01 21:47:12 --> Table 'biblioteca_virtual.ejemplares' doesn't exist
in SYSTEMPATH\Database\MySQLi\Connection.php on line 300.
 1 SYSTEMPATH\Database\MySQLi\Connection.php(300): mysqli->query('SELECT `estado`, COUNT(*) as cantidad
FROM `ejemplares`
GROUP BY `estado`
ORDER BY `estado` ASC', 0)
 2 SYSTEMPATH\Database\BaseConnection.php(908): CodeIgniter\Database\MySQLi\Connection->execute('SELECT `estado`, COUNT(*) as cantidad
FROM `ejemplares`
GROUP BY `estado`
ORDER BY `estado` ASC')
 3 SYSTEMPATH\Database\BaseConnection.php(825): CodeIgniter\Database\BaseConnection->simpleQuery('SELECT `estado`, COUNT(*) as cantidad
FROM `ejemplares`
GROUP BY `estado`
ORDER BY `estado` ASC')
 4 SYSTEMPATH\Database\BaseBuilder.php(1659): CodeIgniter\Database\BaseConnection->query('SELECT `estado`, COUNT(*) as cantidad
FROM `ejemplares`
GROUP BY `estado`
ORDER BY `estado` ASC', [], false)
 5 SYSTEMPATH\Model.php(255): CodeIgniter\Database\BaseBuilder->get()
 6 SYSTEMPATH\BaseModel.php(676): CodeIgniter\Model->doFindAll(0, 0)
 7 APPPATH\Models\EjemplarModel.php(81): CodeIgniter\BaseModel->findAll()
 8 APPPATH\Controllers\Admin\DashboardController.php(22): App\Models\EjemplarModel->reportePorEstado()
 9 SYSTEMPATH\CodeIgniter.php(974): App\Controllers\Admin\DashboardController->index()
10 SYSTEMPATH\CodeIgniter.php(520): CodeIgniter\CodeIgniter->runController(Object(App\Controllers\Admin\DashboardController))
11 SYSTEMPATH\CodeIgniter.php(363): CodeIgniter\CodeIgniter->handleRequest(null, Object(Config\Cache), false)
12 SYSTEMPATH\Boot.php(417): CodeIgniter\CodeIgniter->run()
13 SYSTEMPATH\Boot.php(68): CodeIgniter\Boot::runCodeIgniter(Object(CodeIgniter\CodeIgniter))
14 FCPATH\index.php(59): CodeIgniter\Boot::bootWeb(Object(Config\Paths))
15 SYSTEMPATH\rewrite.php(44): require_once('C:\\xampp\\htdocs\\biblioteca-local-app\\project-root\\public\\index.php')
ERROR - 2026-10-01 21:47:14 --> Table 'biblioteca_virtual.donaciones' doesn't exist
in SYSTEMPATH\Database\MySQLi\Connection.php on line 300.
 1 SYSTEMPATH\Database\MySQLi\Connection.php(300): mysqli->query('SELECT *
FROM `donaciones`
ORDER BY `fecha_donacion` DESC', 0)
 2 SYSTEMPATH\Database\BaseConnection.php(908): CodeIgniter\Database\MySQLi\Connection->execute('SELECT *
FROM `donaciones`
ORDER BY `fecha_donacion` DESC')
 3 SYSTEMPATH\Database\BaseConnection.php(825): CodeIgniter\Database\BaseConnection->simpleQuery('SELECT *
FROM `donaciones`
ORDER BY `fecha_donacion` DESC')
 4 SYSTEMPATH\Database\BaseBuilder.php(1659): CodeIgniter\Database\BaseConnection->query('SELECT *
FROM `donaciones`
ORDER BY `fecha_donacion` DESC', [], false)
 5 SYSTEMPATH\Model.php(255): CodeIgniter\Database\BaseBuilder->get()
 6 SYSTEMPATH\BaseModel.php(676): CodeIgniter\Model->doFindAll(0, 0)
 7 APPPATH\Controllers\Admin\DonacionController.php(20): CodeIgniter\BaseModel->findAll()
 8 SYSTEMPATH\CodeIgniter.php(974): App\Controllers\Admin\DonacionController->index()
 9 SYSTEMPATH\CodeIgniter.php(520): CodeIgniter\CodeIgniter->runController(Object(App\Controllers\Admin\DonacionController))
10 SYSTEMPATH\CodeIgniter.php(363): CodeIgniter\CodeIgniter->handleRequest(null, Object(Config\Cache), false)
11 SYSTEMPATH\Boot.php(417): CodeIgniter\CodeIgniter->run()
12 SYSTEMPATH\Boot.php(68): CodeIgniter\Boot::runCodeIgniter(Object(CodeIgniter\CodeIgniter))
13 FCPATH\index.php(59): CodeIgniter\Boot::bootWeb(Object(Config\Paths))
14 SYSTEMPATH\rewrite.php(44): require_once('C:\\xampp\\htdocs\\biblioteca-local-app\\project-root\\public\\index.php')
CRITICAL - 2026-10-01 21:47:14 --> CodeIgniter\Database\Exceptions\DatabaseException: Table 'biblioteca_virtual.donaciones' doesn't exist
[Method: GET, Route: admin/donaciones]
in SYSTEMPATH\Database\BaseConnection.php on line 863.
 1 SYSTEMPATH\Database\BaseBuilder.php(1659): CodeIgniter\Database\BaseConnection->query('SELECT *
FROM `donaciones`
ORDER BY `fecha_donacion` DESC', [], false)
 2 SYSTEMPATH\Model.php(255): CodeIgniter\Database\BaseBuilder->get()
 3 SYSTEMPATH\BaseModel.php(676): CodeIgniter\Model->doFindAll(0, 0)
 4 APPPATH\Controllers\Admin\DonacionController.php(20): CodeIgniter\BaseModel->findAll()
 5 SYSTEMPATH\CodeIgniter.php(974): App\Controllers\Admin\DonacionController->index()
 6 SYSTEMPATH\CodeIgniter.php(520): CodeIgniter\CodeIgniter->runController(Object(App\Controllers\Admin\DonacionController))
 7 SYSTEMPATH\CodeIgniter.php(363): CodeIgniter\CodeIgniter->handleRequest(null, Object(Config\Cache), false)
 8 SYSTEMPATH\Boot.php(417): CodeIgniter\CodeIgniter->run()
 9 SYSTEMPATH\Boot.php(68): CodeIgniter\Boot::runCodeIgniter(Object(CodeIgniter\CodeIgniter))
10 FCPATH\index.php(59): CodeIgniter\Boot::bootWeb(Object(Config\Paths))
11 SYSTEMPATH\rewrite.php(44): require_once('C:\\xampp\\htdocs\\biblioteca-local-app\\project-root\\public\\index.php')
CRITICAL - 2026-10-01 21:47:14 --> [Caused by] CodeIgniter\Database\Exceptions\DatabaseException: Table 'biblioteca_virtual.donaciones' doesn't exist
in SYSTEMPATH\Database\MySQLi\Connection.php on line 310.
 1 SYSTEMPATH\Database\BaseConnection.php(908): CodeIgniter\Database\MySQLi\Connection->execute('SELECT *
FROM `donaciones`
ORDER BY `fecha_donacion` DESC')
 2 SYSTEMPATH\Database\BaseConnection.php(825): CodeIgniter\Database\BaseConnection->simpleQuery('SELECT *
FROM `donaciones`
ORDER BY `fecha_donacion` DESC')
 3 SYSTEMPATH\Database\BaseBuilder.php(1659): CodeIgniter\Database\BaseConnection->query('SELECT *
FROM `donaciones`
ORDER BY `fecha_donacion` DESC', [], false)
 4 SYSTEMPATH\Model.php(255): CodeIgniter\Database\BaseBuilder->get()
 5 SYSTEMPATH\BaseModel.php(676): CodeIgniter\Model->doFindAll(0, 0)
 6 APPPATH\Controllers\Admin\DonacionController.php(20): CodeIgniter\BaseModel->findAll()
 7 SYSTEMPATH\CodeIgniter.php(974): App\Controllers\Admin\DonacionController->index()
 8 SYSTEMPATH\CodeIgniter.php(520): CodeIgniter\CodeIgniter->runController(Object(App\Controllers\Admin\DonacionController))
 9 SYSTEMPATH\CodeIgniter.php(363): CodeIgniter\CodeIgniter->handleRequest(null, Object(Config\Cache), false)
10 SYSTEMPATH\Boot.php(417): CodeIgniter\CodeIgniter->run()
11 SYSTEMPATH\Boot.php(68): CodeIgniter\Boot::runCodeIgniter(Object(CodeIgniter\CodeIgniter))
12 FCPATH\index.php(59): CodeIgniter\Boot::bootWeb(Object(Config\Paths))
13 SYSTEMPATH\rewrite.php(44): require_once('C:\\xampp\\htdocs\\biblioteca-local-app\\project-root\\public\\index.php')
CRITICAL - 2026-10-01 21:47:14 --> [Caused by] mysqli_sql_exception: Table 'biblioteca_virtual.donaciones' doesn't exist
in SYSTEMPATH\Database\MySQLi\Connection.php on line 300.
 1 SYSTEMPATH\Database\MySQLi\Connection.php(300): mysqli->query('SELECT *
FROM `donaciones`
ORDER BY `fecha_donacion` DESC', 0)
 2 SYSTEMPATH\Database\BaseConnection.php(908): CodeIgniter\Database\MySQLi\Connection->execute('SELECT *
FROM `donaciones`
ORDER BY `fecha_donacion` DESC')
 3 SYSTEMPATH\Database\BaseConnection.php(825): CodeIgniter\Database\BaseConnection->simpleQuery('SELECT *
FROM `donaciones`
ORDER BY `fecha_donacion` DESC')
 4 SYSTEMPATH\Database\BaseBuilder.php(1659): CodeIgniter\Database\BaseConnection->query('SELECT *
FROM `donaciones`
ORDER BY `fecha_donacion` DESC', [], false)
 5 SYSTEMPATH\Model.php(255): CodeIgniter\Database\BaseBuilder->get()
 6 SYSTEMPATH\BaseModel.php(676): CodeIgniter\Model->doFindAll(0, 0)
 7 APPPATH\Controllers\Admin\DonacionController.php(20): CodeIgniter\BaseModel->findAll()
 8 SYSTEMPATH\CodeIgniter.php(974): App\Controllers\Admin\DonacionController->index()
 9 SYSTEMPATH\CodeIgniter.php(520): CodeIgniter\CodeIgniter->runController(Object(App\Controllers\Admin\DonacionController))
10 SYSTEMPATH\CodeIgniter.php(363): CodeIgniter\CodeIgniter->handleRequest(null, Object(Config\Cache), false)
11 SYSTEMPATH\Boot.php(417): CodeIgniter\CodeIgniter->run()
12 SYSTEMPATH\Boot.php(68): CodeIgniter\Boot::runCodeIgniter(Object(CodeIgniter\CodeIgniter))
13 FCPATH\index.php(59): CodeIgniter\Boot::bootWeb(Object(Config\Paths))
14 SYSTEMPATH\rewrite.php(44): require_once('C:\\xampp\\htdocs\\biblioteca-local-app\\project-root\\public\\index.php')
ERROR - 2026-10-01 21:47:28 --> Table 'biblioteca_virtual.ejemplares' doesn't exist
in SYSTEMPATH\Database\MySQLi\Connection.php on line 300.
 1 SYSTEMPATH\Database\MySQLi\Connection.php(300): mysqli->query('SELECT `ejemplares`.*, `libros`.`titulo`, `libros`.`autor`
FROM `ejemplares`
JOIN `libros` ON `libros`.`id` = `ejemplares`.`libro_id`
ORDER BY `libros`.`titulo` ASC', 0)
 2 SYSTEMPATH\Database\BaseConnection.php(908): CodeIgniter\Database\MySQLi\Connection->execute('SELECT `ejemplares`.*, `libros`.`titulo`, `libros`.`autor`
FROM `ejemplares`
JOIN `libros` ON `libros`.`id` = `ejemplares`.`libro_id`
ORDER BY `libros`.`titulo` ASC')
 3 SYSTEMPATH\Database\BaseConnection.php(825): CodeIgniter\Database\BaseConnection->simpleQuery('SELECT `ejemplares`.*, `libros`.`titulo`, `libros`.`autor`
FROM `ejemplares`
JOIN `libros` ON `libros`.`id` = `ejemplares`.`libro_id`
ORDER BY `libros`.`titulo` ASC')
 4 SYSTEMPATH\Database\BaseBuilder.php(1659): CodeIgniter\Database\BaseConnection->query('SELECT `ejemplares`.*, `libros`.`titulo`, `libros`.`autor`
FROM `ejemplares`
JOIN `libros` ON `libros`.`id` = `ejemplares`.`libro_id`
ORDER BY `libros`.`titulo` ASC', [], false)
 5 SYSTEMPATH\Model.php(255): CodeIgniter\Database\BaseBuilder->get()
 6 SYSTEMPATH\BaseModel.php(676): CodeIgniter\Model->doFindAll(0, 0)
 7 APPPATH\Controllers\Admin\EjemplarController.php(20): CodeIgniter\BaseModel->findAll()
 8 SYSTEMPATH\CodeIgniter.php(974): App\Controllers\Admin\EjemplarController->index()
 9 SYSTEMPATH\CodeIgniter.php(520): CodeIgniter\CodeIgniter->runController(Object(App\Controllers\Admin\EjemplarController))
10 SYSTEMPATH\CodeIgniter.php(363): CodeIgniter\CodeIgniter->handleRequest(null, Object(Config\Cache), false)
11 SYSTEMPATH\Boot.php(417): CodeIgniter\CodeIgniter->run()
12 SYSTEMPATH\Boot.php(68): CodeIgniter\Boot::runCodeIgniter(Object(CodeIgniter\CodeIgniter))
13 FCPATH\index.php(59): CodeIgniter\Boot::bootWeb(Object(Config\Paths))
14 SYSTEMPATH\rewrite.php(44): require_once('C:\\xampp\\htdocs\\biblioteca-local-app\\project-root\\public\\index.php')
CRITICAL - 2026-10-01 21:47:28 --> CodeIgniter\Database\Exceptions\DatabaseException: Table 'biblioteca_virtual.ejemplares' doesn't exist
[Method: GET, Route: admin/ejemplares]
in SYSTEMPATH\Database\BaseConnection.php on line 863.
 1 SYSTEMPATH\Database\BaseBuilder.php(1659): CodeIgniter\Database\BaseConnection->query('SELECT `ejemplares`.*, `libros`.`titulo`, `libros`.`autor`
FROM `ejemplares`
JOIN `libros` ON `libros`.`id` = `ejemplares`.`libro_id`
ORDER BY `libros`.`titulo` ASC', [], false)
 2 SYSTEMPATH\Model.php(255): CodeIgniter\Database\BaseBuilder->get()
 3 SYSTEMPATH\BaseModel.php(676): CodeIgniter\Model->doFindAll(0, 0)
 4 APPPATH\Controllers\Admin\EjemplarController.php(20): CodeIgniter\BaseModel->findAll()
 5 SYSTEMPATH\CodeIgniter.php(974): App\Controllers\Admin\EjemplarController->index()
 6 SYSTEMPATH\CodeIgniter.php(520): CodeIgniter\CodeIgniter->runController(Object(App\Controllers\Admin\EjemplarController))
 7 SYSTEMPATH\CodeIgniter.php(363): CodeIgniter\CodeIgniter->handleRequest(null, Object(Config\Cache), false)
 8 SYSTEMPATH\Boot.php(417): CodeIgniter\CodeIgniter->run()
 9 SYSTEMPATH\Boot.php(68): CodeIgniter\Boot::runCodeIgniter(Object(CodeIgniter\CodeIgniter))
10 FCPATH\index.php(59): CodeIgniter\Boot::bootWeb(Object(Config\Paths))
11 SYSTEMPATH\rewrite.php(44): require_once('C:\\xampp\\htdocs\\biblioteca-local-app\\project-root\\public\\index.php')
CRITICAL - 2026-10-01 21:47:28 --> [Caused by] CodeIgniter\Database\Exceptions\DatabaseException: Table 'biblioteca_virtual.ejemplares' doesn't exist
in SYSTEMPATH\Database\MySQLi\Connection.php on line 310.
 1 SYSTEMPATH\Database\BaseConnection.php(908): CodeIgniter\Database\MySQLi\Connection->execute('SELECT `ejemplares`.*, `libros`.`titulo`, `libros`.`autor`
FROM `ejemplares`
JOIN `libros` ON `libros`.`id` = `ejemplares`.`libro_id`
ORDER BY `libros`.`titulo` ASC')
 2 SYSTEMPATH\Database\BaseConnection.php(825): CodeIgniter\Database\BaseConnection->simpleQuery('SELECT `ejemplares`.*, `libros`.`titulo`, `libros`.`autor`
FROM `ejemplares`
JOIN `libros` ON `libros`.`id` = `ejemplares`.`libro_id`
ORDER BY `libros`.`titulo` ASC')
 3 SYSTEMPATH\Database\BaseBuilder.php(1659): CodeIgniter\Database\BaseConnection->query('SELECT `ejemplares`.*, `libros`.`titulo`, `libros`.`autor`
FROM `ejemplares`
JOIN `libros` ON `libros`.`id` = `ejemplares`.`libro_id`
ORDER BY `libros`.`titulo` ASC', [], false)
 4 SYSTEMPATH\Model.php(255): CodeIgniter\Database\BaseBuilder->get()
 5 SYSTEMPATH\BaseModel.php(676): CodeIgniter\Model->doFindAll(0, 0)
 6 APPPATH\Controllers\Admin\EjemplarController.php(20): CodeIgniter\BaseModel->findAll()
 7 SYSTEMPATH\CodeIgniter.php(974): App\Controllers\Admin\EjemplarController->index()
 8 SYSTEMPATH\CodeIgniter.php(520): CodeIgniter\CodeIgniter->runController(Object(App\Controllers\Admin\EjemplarController))
 9 SYSTEMPATH\CodeIgniter.php(363): CodeIgniter\CodeIgniter->handleRequest(null, Object(Config\Cache), false)
10 SYSTEMPATH\Boot.php(417): CodeIgniter\CodeIgniter->run()
11 SYSTEMPATH\Boot.php(68): CodeIgniter\Boot::runCodeIgniter(Object(CodeIgniter\CodeIgniter))
12 FCPATH\index.php(59): CodeIgniter\Boot::bootWeb(Object(Config\Paths))
13 SYSTEMPATH\rewrite.php(44): require_once('C:\\xampp\\htdocs\\biblioteca-local-app\\project-root\\public\\index.php')
CRITICAL - 2026-10-01 21:47:28 --> [Caused by] mysqli_sql_exception: Table 'biblioteca_virtual.ejemplares' doesn't exist
in SYSTEMPATH\Database\MySQLi\Connection.php on line 300.
 1 SYSTEMPATH\Database\MySQLi\Connection.php(300): mysqli->query('SELECT `ejemplares`.*, `libros`.`titulo`, `libros`.`autor`
FROM `ejemplares`
JOIN `libros` ON `libros`.`id` = `ejemplares`.`libro_id`
ORDER BY `libros`.`titulo` ASC', 0)
 2 SYSTEMPATH\Database\BaseConnection.php(908): CodeIgniter\Database\MySQLi\Connection->execute('SELECT `ejemplares`.*, `libros`.`titulo`, `libros`.`autor`
FROM `ejemplares`
JOIN `libros` ON `libros`.`id` = `ejemplares`.`libro_id`
ORDER BY `libros`.`titulo` ASC')
 3 SYSTEMPATH\Database\BaseConnection.php(825): CodeIgniter\Database\BaseConnection->simpleQuery('SELECT `ejemplares`.*, `libros`.`titulo`, `libros`.`autor`
FROM `ejemplares`
JOIN `libros` ON `libros`.`id` = `ejemplares`.`libro_id`
ORDER BY `libros`.`titulo` ASC')
 4 SYSTEMPATH\Database\BaseBuilder.php(1659): CodeIgniter\Database\BaseConnection->query('SELECT `ejemplares`.*, `libros`.`titulo`, `libros`.`autor`
FROM `ejemplares`
JOIN `libros` ON `libros`.`id` = `ejemplares`.`libro_id`
ORDER BY `libros`.`titulo` ASC', [], false)
 5 SYSTEMPATH\Model.php(255): CodeIgniter\Database\BaseBuilder->get()
 6 SYSTEMPATH\BaseModel.php(676): CodeIgniter\Model->doFindAll(0, 0)
 7 APPPATH\Controllers\Admin\EjemplarController.php(20): CodeIgniter\BaseModel->findAll()
 8 SYSTEMPATH\CodeIgniter.php(974): App\Controllers\Admin\EjemplarController->index()
 9 SYSTEMPATH\CodeIgniter.php(520): CodeIgniter\CodeIgniter->runController(Object(App\Controllers\Admin\EjemplarController))
10 SYSTEMPATH\CodeIgniter.php(363): CodeIgniter\CodeIgniter->handleRequest(null, Object(Config\Cache), false)
11 SYSTEMPATH\Boot.php(417): CodeIgniter\CodeIgniter->run()
12 SYSTEMPATH\Boot.php(68): CodeIgniter\Boot::runCodeIgniter(Object(CodeIgniter\CodeIgniter))
13 FCPATH\index.php(59): CodeIgniter\Boot::bootWeb(Object(Config\Paths))
14 SYSTEMPATH\rewrite.php(44): require_once('C:\\xampp\\htdocs\\biblioteca-local-app\\project-root\\public\\index.php')
ERROR - 2026-10-01 21:48:13 --> Table 'biblioteca_virtual.ejemplares' doesn't exist
in SYSTEMPATH\Database\MySQLi\Connection.php on line 300.
 1 SYSTEMPATH\Database\MySQLi\Connection.php(300): mysqli->query('SELECT `ejemplares`.*, `libros`.`titulo`, `libros`.`autor`
FROM `ejemplares`
JOIN `libros` ON `libros`.`id` = `ejemplares`.`libro_id`
ORDER BY `libros`.`titulo` ASC', 0)
 2 SYSTEMPATH\Database\BaseConnection.php(908): CodeIgniter\Database\MySQLi\Connection->execute('SELECT `ejemplares`.*, `libros`.`titulo`, `libros`.`autor`
FROM `ejemplares`
JOIN `libros` ON `libros`.`id` = `ejemplares`.`libro_id`
ORDER BY `libros`.`titulo` ASC')
 3 SYSTEMPATH\Database\BaseConnection.php(825): CodeIgniter\Database\BaseConnection->simpleQuery('SELECT `ejemplares`.*, `libros`.`titulo`, `libros`.`autor`
FROM `ejemplares`
JOIN `libros` ON `libros`.`id` = `ejemplares`.`libro_id`
ORDER BY `libros`.`titulo` ASC')
 4 SYSTEMPATH\Database\BaseBuilder.php(1659): CodeIgniter\Database\BaseConnection->query('SELECT `ejemplares`.*, `libros`.`titulo`, `libros`.`autor`
FROM `ejemplares`
JOIN `libros` ON `libros`.`id` = `ejemplares`.`libro_id`
ORDER BY `libros`.`titulo` ASC', [], false)
 5 SYSTEMPATH\Model.php(255): CodeIgniter\Database\BaseBuilder->get()
 6 SYSTEMPATH\BaseModel.php(676): CodeIgniter\Model->doFindAll(0, 0)
 7 APPPATH\Controllers\Admin\EjemplarController.php(20): CodeIgniter\BaseModel->findAll()
 8 SYSTEMPATH\CodeIgniter.php(974): App\Controllers\Admin\EjemplarController->index()
 9 SYSTEMPATH\CodeIgniter.php(520): CodeIgniter\CodeIgniter->runController(Object(App\Controllers\Admin\EjemplarController))
10 SYSTEMPATH\CodeIgniter.php(363): CodeIgniter\CodeIgniter->handleRequest(null, Object(Config\Cache), false)
11 SYSTEMPATH\Boot.php(417): CodeIgniter\CodeIgniter->run()
12 SYSTEMPATH\Boot.php(68): CodeIgniter\Boot::runCodeIgniter(Object(CodeIgniter\CodeIgniter))
13 FCPATH\index.php(59): CodeIgniter\Boot::bootWeb(Object(Config\Paths))
14 SYSTEMPATH\rewrite.php(44): require_once('C:\\xampp\\htdocs\\biblioteca-local-app\\project-root\\public\\index.php')
CRITICAL - 2026-10-01 21:48:13 --> CodeIgniter\Database\Exceptions\DatabaseException: Table 'biblioteca_virtual.ejemplares' doesn't exist
[Method: GET, Route: admin/ejemplares]
in SYSTEMPATH\Database\BaseConnection.php on line 863.
 1 SYSTEMPATH\Database\BaseBuilder.php(1659): CodeIgniter\Database\BaseConnection->query('SELECT `ejemplares`.*, `libros`.`titulo`, `libros`.`autor`
FROM `ejemplares`
JOIN `libros` ON `libros`.`id` = `ejemplares`.`libro_id`
ORDER BY `libros`.`titulo` ASC', [], false)
 2 SYSTEMPATH\Model.php(255): CodeIgniter\Database\BaseBuilder->get()
 3 SYSTEMPATH\BaseModel.php(676): CodeIgniter\Model->doFindAll(0, 0)
 4 APPPATH\Controllers\Admin\EjemplarController.php(20): CodeIgniter\BaseModel->findAll()
 5 SYSTEMPATH\CodeIgniter.php(974): App\Controllers\Admin\EjemplarController->index()
 6 SYSTEMPATH\CodeIgniter.php(520): CodeIgniter\CodeIgniter->runController(Object(App\Controllers\Admin\EjemplarController))
 7 SYSTEMPATH\CodeIgniter.php(363): CodeIgniter\CodeIgniter->handleRequest(null, Object(Config\Cache), false)
 8 SYSTEMPATH\Boot.php(417): CodeIgniter\CodeIgniter->run()
 9 SYSTEMPATH\Boot.php(68): CodeIgniter\Boot::runCodeIgniter(Object(CodeIgniter\CodeIgniter))
10 FCPATH\index.php(59): CodeIgniter\Boot::bootWeb(Object(Config\Paths))
11 SYSTEMPATH\rewrite.php(44): require_once('C:\\xampp\\htdocs\\biblioteca-local-app\\project-root\\public\\index.php')
CRITICAL - 2026-10-01 21:48:13 --> [Caused by] CodeIgniter\Database\Exceptions\DatabaseException: Table 'biblioteca_virtual.ejemplares' doesn't exist
in SYSTEMPATH\Database\MySQLi\Connection.php on line 310.
 1 SYSTEMPATH\Database\BaseConnection.php(908): CodeIgniter\Database\MySQLi\Connection->execute('SELECT `ejemplares`.*, `libros`.`titulo`, `libros`.`autor`
FROM `ejemplares`
JOIN `libros` ON `libros`.`id` = `ejemplares`.`libro_id`
ORDER BY `libros`.`titulo` ASC')
 2 SYSTEMPATH\Database\BaseConnection.php(825): CodeIgniter\Database\BaseConnection->simpleQuery('SELECT `ejemplares`.*, `libros`.`titulo`, `libros`.`autor`
FROM `ejemplares`
JOIN `libros` ON `libros`.`id` = `ejemplares`.`libro_id`
ORDER BY `libros`.`titulo` ASC')
 3 SYSTEMPATH\Database\BaseBuilder.php(1659): CodeIgniter\Database\BaseConnection->query('SELECT `ejemplares`.*, `libros`.`titulo`, `libros`.`autor`
FROM `ejemplares`
JOIN `libros` ON `libros`.`id` = `ejemplares`.`libro_id`
ORDER BY `libros`.`titulo` ASC', [], false)
 4 SYSTEMPATH\Model.php(255): CodeIgniter\Database\BaseBuilder->get()
 5 SYSTEMPATH\BaseModel.php(676): CodeIgniter\Model->doFindAll(0, 0)
 6 APPPATH\Controllers\Admin\EjemplarController.php(20): CodeIgniter\BaseModel->findAll()
 7 SYSTEMPATH\CodeIgniter.php(974): App\Controllers\Admin\EjemplarController->index()
 8 SYSTEMPATH\CodeIgniter.php(520): CodeIgniter\CodeIgniter->runController(Object(App\Controllers\Admin\EjemplarController))
 9 SYSTEMPATH\CodeIgniter.php(363): CodeIgniter\CodeIgniter->handleRequest(null, Object(Config\Cache), false)
10 SYSTEMPATH\Boot.php(417): CodeIgniter\CodeIgniter->run()
11 SYSTEMPATH\Boot.php(68): CodeIgniter\Boot::runCodeIgniter(Object(CodeIgniter\CodeIgniter))
12 FCPATH\index.php(59): CodeIgniter\Boot::bootWeb(Object(Config\Paths))
13 SYSTEMPATH\rewrite.php(44): require_once('C:\\xampp\\htdocs\\biblioteca-local-app\\project-root\\public\\index.php')
CRITICAL - 2026-10-01 21:48:13 --> [Caused by] mysqli_sql_exception: Table 'biblioteca_virtual.ejemplares' doesn't exist
in SYSTEMPATH\Database\MySQLi\Connection.php on line 300.
 1 SYSTEMPATH\Database\MySQLi\Connection.php(300): mysqli->query('SELECT `ejemplares`.*, `libros`.`titulo`, `libros`.`autor`
FROM `ejemplares`
JOIN `libros` ON `libros`.`id` = `ejemplares`.`libro_id`
ORDER BY `libros`.`titulo` ASC', 0)
 2 SYSTEMPATH\Database\BaseConnection.php(908): CodeIgniter\Database\MySQLi\Connection->execute('SELECT `ejemplares`.*, `libros`.`titulo`, `libros`.`autor`
FROM `ejemplares`
JOIN `libros` ON `libros`.`id` = `ejemplares`.`libro_id`
ORDER BY `libros`.`titulo` ASC')
 3 SYSTEMPATH\Database\BaseConnection.php(825): CodeIgniter\Database\BaseConnection->simpleQuery('SELECT `ejemplares`.*, `libros`.`titulo`, `libros`.`autor`
FROM `ejemplares`
JOIN `libros` ON `libros`.`id` = `ejemplares`.`libro_id`
ORDER BY `libros`.`titulo` ASC')
 4 SYSTEMPATH\Database\BaseBuilder.php(1659): CodeIgniter\Database\BaseConnection->query('SELECT `ejemplares`.*, `libros`.`titulo`, `libros`.`autor`
FROM `ejemplares`
JOIN `libros` ON `libros`.`id` = `ejemplares`.`libro_id`
ORDER BY `libros`.`titulo` ASC', [], false)
 5 SYSTEMPATH\Model.php(255): CodeIgniter\Database\BaseBuilder->get()
 6 SYSTEMPATH\BaseModel.php(676): CodeIgniter\Model->doFindAll(0, 0)
 7 APPPATH\Controllers\Admin\EjemplarController.php(20): CodeIgniter\BaseModel->findAll()
 8 SYSTEMPATH\CodeIgniter.php(974): App\Controllers\Admin\EjemplarController->index()
 9 SYSTEMPATH\CodeIgniter.php(520): CodeIgniter\CodeIgniter->runController(Object(App\Controllers\Admin\EjemplarController))
10 SYSTEMPATH\CodeIgniter.php(363): CodeIgniter\CodeIgniter->handleRequest(null, Object(Config\Cache), false)
11 SYSTEMPATH\Boot.php(417): CodeIgniter\CodeIgniter->run()
12 SYSTEMPATH\Boot.php(68): CodeIgniter\Boot::runCodeIgniter(Object(CodeIgniter\CodeIgniter))
13 FCPATH\index.php(59): CodeIgniter\Boot::bootWeb(Object(Config\Paths))
14 SYSTEMPATH\rewrite.php(44): require_once('C:\\xampp\\htdocs\\biblioteca-local-app\\project-root\\public\\index.php')
